<html>
<body>
<pre>
<h1>µVision Build Log</h1>
<h2>Tool Versions:</h2>
IDE-Version: µVision V5.21.1.0
Copyright (C) 2016 ARM Ltd and ARM Germany GmbH. All rights reserved.
License Information: Shees Usman, Nil, LIC=DSNNN-YYFWP-UK2B6-DKBSI-MF38T-C0I3Y
 
Tool Versions:
Toolchain:       MDK-ARM Professional  Version: 5.21a
Toolchain Path:  F:\Software Files\Keil\ARM\ARMCC\Bin
C Compiler:      Armcc.exe V5.06 update 3 (build 300)
Assembler:       Armasm.exe V5.06 update 3 (build 300)
Linker/Locator:  ArmLink.exe V5.06 update 3 (build 300)
Library Manager: ArmAr.exe V5.06 update 3 (build 300)
Hex Converter:   FromElf.exe V5.06 update 3 (build 300)
CPU DLL:         SARMCM3.DLL V5.21a
Dialog DLL:      DCM.DLL V1.13.8.0
Target DLL:      STLink\ST-LINKIII-KEIL_SWO.dll V2.0.18.0
Dialog DLL:      TCM.DLL V1.14.14.0
 
<h2>Project:</h2>
E:\WISE\Communication\en.i-cube_lrwan\STM32CubeExpansion_LRWAN_V1.0.1\Projects\Multi\Applications\LoRa\classA\MDK-ARM\STM32L152RE-Nucleo\Lora.uvprojx
Project File Date:  11/20/2016

<h2>Output:</h2>
*** Using Compiler 'V5.06 update 3 (build 300)', folder: 'F:\Software Files\Keil\ARM\ARMCC\Bin'
Rebuild target 'sx1276mb1mas'
compiling lps25h.c...
compiling hts221.c...
compiling lps25hb.c...
compiling x_nucleo_iks01a1_hum_temp.c...
compiling x_nucleo_iks01a1_pressure.c...
compiling stm32l1xx_nucleo.c...
compiling sx1276mb1mas.c...
compiling x_nucleo_iks01a1.c...
compiling system_stm32l1xx.c...
compiling stm32l1xx_hal.c...
compiling sx1276.c...
compiling stm32l1xx_hal_cortex.c...
compiling stm32l1xx_hal_pwr.c...
compiling stm32l1xx_hal_adc.c...
compiling stm32l1xx_hal_pwr_ex.c...
compiling stm32l1xx_hal_rcc.c...
compiling stm32l1xx_hal_rcc_ex.c...
compiling stm32l1xx_hal_rtc_ex.c...
compiling stm32l1xx_hal_spi.c...
compiling stm32l1xx_hal_rtc.c...
compiling stm32l1xx_hal_tim_ex.c...
compiling stm32l1xx_hal_spi_ex.c...
compiling stm32l1xx_hal_tim.c...
compiling stm32l1xx_hal_i2c.c...
compiling stm32l1xx_hal_uart.c...
compiling stm32l1xx_hal_adc_ex.c...
assembling startup_stm32l152xe.s...
compiling stm32l1xx_hal_dma.c...
compiling stm32l1xx_hal_gpio.c...
compiling bsp.c...
compiling hw_gpio.c...
compiling hw_rtc.c...
compiling debug.c...
compiling main.c...
compiling hw_spi.c...
compiling vcom.c...
compiling stm32l1xx_it.c...
compiling stm32l1xx_hal_msp.c...
compiling stm32l1xx_hw.c...
compiling LoRaMacCrypto.c...
compiling lora.c...
compiling LoRaMac.c...
compiling delay.c...
compiling low_power.c...
compiling timeServer.c...
compiling aes.c...
compiling utilities.c...
compiling cmac.c...
linking...
Program Size: Code=35660 RO-data=1508 RW-data=424 ZI-data=3768  
FromELF: creating hex file...
".\sx1276mb1mas\NUCLEO_CUBE_LORA.axf" - 0 Error(s), 0 Warning(s).

<h2>Collection of Component include folders:</h2>
  E:\WISE\Communication\en.i-cube_lrwan\STM32CubeExpansion_LRWAN_V1.0.1\Projects\Multi\Applications\LoRa\classA\MDK-ARM\STM32L152RE-Nucleo\RTE
  F:\Software Files\Keil\Keil\STM32L1xx_DFP\1.1.0\Device\Include

<h2>Collection of Component Files used:</h2>
Build Time Elapsed:  00:02:09
</pre>
</body>
</html>
