Component: ARM Compiler 5.06 update 3 (build 300) Tool: armlink [4d35c9]

==============================================================================

Section Cross References

    hts221.o(i.HTS221_Calibration) refers to x_nucleo_iks01a1.o(i.HTS221_IO_Read) for HTS221_IO_Read
    hts221.o(i.HTS221_Calibration) refers to ffltui.o(.text) for __aeabi_ui2f
    hts221.o(i.HTS221_Calibration) refers to fscalb.o(.text) for __ARM_scalbnf
    hts221.o(i.HTS221_Calibration) refers to hts221.o(.data) for .data
    hts221.o(i.HTS221_GetHumidity) refers to x_nucleo_iks01a1.o(i.HTS221_IO_Read) for HTS221_IO_Read
    hts221.o(i.HTS221_GetHumidity) refers to x_nucleo_iks01a1.o(i.HTS221_IO_Write) for HTS221_IO_Write
    hts221.o(i.HTS221_GetHumidity) refers to fflti.o(.text) for __aeabi_i2f
    hts221.o(i.HTS221_GetHumidity) refers to fadd.o(.text) for __aeabi_fsub
    hts221.o(i.HTS221_GetHumidity) refers to fmul.o(.text) for __aeabi_fmul
    hts221.o(i.HTS221_GetHumidity) refers to fdiv.o(.text) for __aeabi_fdiv
    hts221.o(i.HTS221_GetHumidity) refers to f2d.o(.text) for __aeabi_f2d
    hts221.o(i.HTS221_GetHumidity) refers to dmul.o(.text) for __aeabi_dmul
    hts221.o(i.HTS221_GetHumidity) refers to dfixui.o(.text) for __aeabi_d2uiz
    hts221.o(i.HTS221_GetHumidity) refers to dflti.o(.text) for __aeabi_i2d
    hts221.o(i.HTS221_GetHumidity) refers to ddiv.o(.text) for __aeabi_ddiv
    hts221.o(i.HTS221_GetHumidity) refers to d2f.o(.text) for __aeabi_d2f
    hts221.o(i.HTS221_GetHumidity) refers to hts221.o(.data) for .data
    hts221.o(i.HTS221_GetTemperature) refers to x_nucleo_iks01a1.o(i.HTS221_IO_Read) for HTS221_IO_Read
    hts221.o(i.HTS221_GetTemperature) refers to x_nucleo_iks01a1.o(i.HTS221_IO_Write) for HTS221_IO_Write
    hts221.o(i.HTS221_GetTemperature) refers to fadd.o(.text) for __aeabi_fsub
    hts221.o(i.HTS221_GetTemperature) refers to fflti.o(.text) for __aeabi_i2f
    hts221.o(i.HTS221_GetTemperature) refers to fdiv.o(.text) for __aeabi_fdiv
    hts221.o(i.HTS221_GetTemperature) refers to fmul.o(.text) for __aeabi_fmul
    hts221.o(i.HTS221_GetTemperature) refers to f2d.o(.text) for __aeabi_f2d
    hts221.o(i.HTS221_GetTemperature) refers to dmul.o(.text) for __aeabi_dmul
    hts221.o(i.HTS221_GetTemperature) refers to dfixi.o(.text) for __aeabi_d2iz
    hts221.o(i.HTS221_GetTemperature) refers to dflti.o(.text) for __aeabi_i2d
    hts221.o(i.HTS221_GetTemperature) refers to ddiv.o(.text) for __aeabi_ddiv
    hts221.o(i.HTS221_GetTemperature) refers to d2f.o(.text) for __aeabi_d2f
    hts221.o(i.HTS221_GetTemperature) refers to hts221.o(.data) for .data
    hts221.o(i.HTS221_Init) refers to x_nucleo_iks01a1.o(i.HTS221_IO_Init) for HTS221_IO_Init
    hts221.o(i.HTS221_Init) refers to x_nucleo_iks01a1.o(i.HTS221_IO_Read) for HTS221_IO_Read
    hts221.o(i.HTS221_Init) refers to x_nucleo_iks01a1.o(i.HTS221_IO_Write) for HTS221_IO_Write
    hts221.o(i.HTS221_Init) refers to hts221.o(i.HTS221_Calibration) for HTS221_Calibration
    hts221.o(i.HTS221_Init) refers to x_nucleo_iks01a1.o(i.HTS221_IO_ITConfig) for HTS221_IO_ITConfig
    hts221.o(i.HTS221_Power_OFF) refers to x_nucleo_iks01a1.o(i.HTS221_IO_Read) for HTS221_IO_Read
    hts221.o(i.HTS221_Power_OFF) refers to x_nucleo_iks01a1.o(i.HTS221_IO_Write) for HTS221_IO_Write
    hts221.o(i.HTS221_ReadID) refers to x_nucleo_iks01a1.o(i.HTS221_IO_Read) for HTS221_IO_Read
    hts221.o(i.HTS221_RebootCmd) refers to x_nucleo_iks01a1.o(i.HTS221_IO_Read) for HTS221_IO_Read
    hts221.o(i.HTS221_RebootCmd) refers to x_nucleo_iks01a1.o(i.HTS221_IO_Write) for HTS221_IO_Write
    hts221.o(.data) refers to hts221.o(i.HTS221_Init) for HTS221_Init
    hts221.o(.data) refers to hts221.o(i.HTS221_Power_OFF) for HTS221_Power_OFF
    hts221.o(.data) refers to hts221.o(i.HTS221_ReadID) for HTS221_ReadID
    hts221.o(.data) refers to hts221.o(i.HTS221_RebootCmd) for HTS221_RebootCmd
    hts221.o(.data) refers to hts221.o(i.HTS221_GetHumidity) for HTS221_GetHumidity
    hts221.o(.data) refers to hts221.o(i.HTS221_GetTemperature) for HTS221_GetTemperature
    lps25h.o(i.LPS25H_GetPressure) refers to x_nucleo_iks01a1.o(i.LPS25H_IO_Read) for LPS25H_IO_Read
    lps25h.o(i.LPS25H_GetPressure) refers to fflti.o(.text) for __aeabi_i2f
    lps25h.o(i.LPS25H_GetPressure) refers to fscalb.o(.text) for __ARM_scalbnf
    lps25h.o(i.LPS25H_GetPressure) refers to lps25h.o(.data) for .data
    lps25h.o(i.LPS25H_GetTemperature) refers to x_nucleo_iks01a1.o(i.LPS25H_IO_Read) for LPS25H_IO_Read
    lps25h.o(i.LPS25H_GetTemperature) refers to fflti.o(.text) for __aeabi_i2f
    lps25h.o(i.LPS25H_GetTemperature) refers to fdiv.o(.text) for __aeabi_fdiv
    lps25h.o(i.LPS25H_GetTemperature) refers to fadd.o(.text) for __aeabi_fadd
    lps25h.o(i.LPS25H_GetTemperature) refers to lps25h.o(.data) for .data
    lps25h.o(i.LPS25H_Init) refers to x_nucleo_iks01a1.o(i.LPS25H_IO_Init) for LPS25H_IO_Init
[...]
    i.ceil                                   0x08008328   Section        0  ceil.o(i.ceil)
    i.copy_and_key                           0x08008404   Section        0  aes.o(i.copy_and_key)
    copy_and_key                             0x08008405   Thumb Code   132  aes.o(i.copy_and_key)
    i.copy_block                             0x08008488   Section        0  aes.o(i.copy_block)
    copy_block                               0x08008489   Thumb Code    66  aes.o(i.copy_block)
    i.floor                                  0x080084cc   Section        0  floor.o(i.floor)
    i.lora_Init                              0x080085a8   Section        0  lora.o(i.lora_Init)
    i.lora_fsm                               0x0800867c   Section        0  lora.o(i.lora_fsm)
    i.lora_getDeviceState                    0x08008774   Section        0  lora.o(i.lora_getDeviceState)
    i.main                                   0x08008780   Section        0  main.o(i.main)
    i.memcpy1                                0x080087d4   Section        0  utilities.o(i.memcpy1)
    i.memcpyr                                0x080087e8   Section        0  utilities.o(i.memcpyr)
    i.memset1                                0x08008800   Section        0  utilities.o(i.memset1)
    i.mix_sub_columns                        0x08008810   Section        0  aes.o(i.mix_sub_columns)
    mix_sub_columns                          0x08008811   Thumb Code   536  aes.o(i.mix_sub_columns)
    i.rand1                                  0x08008a2c   Section        0  utilities.o(i.rand1)
    i.randr                                  0x08008a54   Section        0  utilities.o(i.randr)
    i.round                                  0x08008a70   Section        0  round.o(i.round)
    i.shift_sub_rows                         0x08008b04   Section        0  aes.o(i.shift_sub_rows)
    shift_sub_rows                           0x08008b05   Thumb Code   100  aes.o(i.shift_sub_rows)
    i.srand1                                 0x08008b6c   Section        0  utilities.o(i.srand1)
    i.vcom_DeInit                            0x08008b78   Section        0  vcom.o(i.vcom_DeInit)
    i.vcom_Init                              0x08008b84   Section        0  vcom.o(i.vcom_Init)
    i.vcom_Send                              0x08008bbc   Section        0  vcom.o(i.vcom_Send)
    i.xor_block                              0x08008bec   Section        0  aes.o(i.xor_block)
    xor_block                                0x08008bed   Thumb Code   130  aes.o(i.xor_block)
    .constdata                               0x08008c70   Section       96  sx1276mb1mas.o(.constdata)
    .constdata                               0x08008cd0   Section      224  sx1276.o(.constdata)
    .constdata                               0x08008db0   Section       29  stm32l1xx_hal_rcc.o(.constdata)
    .constdata                               0x08008dcd   Section       24  hw_rtc.o(.constdata)
    DaysInMonth                              0x08008dcd   Data          12  hw_rtc.o(.constdata)
    DaysInMonthLeapYear                      0x08008dd9   Data          12  hw_rtc.o(.constdata)
    .constdata                               0x08008de8   Section       40  loramac.o(.constdata)
    .constdata                               0x08008e10   Section      768  aes.o(.constdata)
    sbox                                     0x08008e10   Data         256  aes.o(.constdata)
    gfm2_sbox                                0x08008f10   Data         256  aes.o(.constdata)
    gfm3_sbox                                0x08009010   Data         256  aes.o(.constdata)
    .data                                    0x20000000   Section        1  sx1276mb1mas.o(.data)
    RadioIsActive                            0x20000000   Data           1  sx1276mb1mas.o(.data)
    .data                                    0x20000004   Section       28  sx1276.o(.data)
    RadioEvents                              0x20000004   Data           4  sx1276.o(.data)
    .data                                    0x20000020   Section        4  system_stm32l1xx.o(.data)
    .data                                    0x20000024   Section        4  stm32l1xx_hal.o(.data)
    uwTick                                   0x20000024   Data           4  stm32l1xx_hal.o(.data)
    .data                                    0x20000028   Section        4  hw_rtc.o(.data)
    HW_RTC_Initalized                        0x20000028   Data           1  hw_rtc.o(.data)
    McuWakeUpTimeInitialized                 0x20000029   Data           1  hw_rtc.o(.data)
    McuWakeUpTimeCal                         0x2000002a   Data           2  hw_rtc.o(.data)
    .data                                    0x2000002c   Section       36  main.o(.data)
    AppLedStateOn                            0x2000002c   Data           1  main.o(.data)
    LoRaMainCallbacks                        0x20000030   Data          20  main.o(.data)
    LoRaParamInit                            0x20000044   Data          12  main.o(.data)
    .data                                    0x20000050   Section        2  vcom.o(.data)
    iw                                       0x20000050   Data           2  vcom.o(.data)
    .data                                    0x20000052   Section        2  stm32l1xx_hw.o(.data)
    AdcInitialized                           0x20000052   Data           1  stm32l1xx_hw.o(.data)
    McuInitialized                           0x20000053   Data           1  stm32l1xx_hw.o(.data)
    .data                                    0x20000054   Section       56  lora.o(.data)
    DeviceState                              0x20000054   Data           1  lora.o(.data)
    NextTx                                   0x20000055   Data           1  lora.o(.data)
    IsTxConfirmed                            0x20000056   Data           1  lora.o(.data)
    LoRaParam                                0x20000058   Data           4  lora.o(.data)
    LoRaMacCallbacks                         0x2000005c   Data           4  lora.o(.data)
    LoRaMainCallbacks                        0x20000060   Data           4  lora.o(.data)
    DevEui                                   0x20000064   Data           8  lora.o(.data)
    AppEui                                   0x2000006c   Data           8  lora.o(.data)
    AppData                                  0x20000074   Data           8  lora.o(.data)
    AppKey                                   0x2000007c   Data          16  lora.o(.data)
    .data                                    0x2000008c   Section      240  loramac.o(.data)
    IsUpLinkCounterFixed                     0x2000008c   Data           1  loramac.o(.data)
    IsRxWindowsEnabled                       0x2000008d   Data           1  loramac.o(.data)
    IsLoRaMacNetworkJoined                   0x2000008e   Data           1  loramac.o(.data)
    AdrCtrlOn                                0x2000008f   Data           1  loramac.o(.data)
    NodeAckRequested                         0x20000090   Data           1  loramac.o(.data)
    SrvAckRequested                          0x20000091   Data           1  loramac.o(.data)
    MacCommandsInNextTx                      0x20000092   Data           1  loramac.o(.data)
    MacCommandsBufferIndex                   0x20000093   Data           1  loramac.o(.data)
    MacCommandsBufferToRepeatIndex           0x20000094   Data           1  loramac.o(.data)
    ChannelsNbRepCounter                     0x20000095   Data           1  loramac.o(.data)
    MaxDCycle                                0x20000096   Data           1  loramac.o(.data)
    AckTimeoutRetries                        0x20000097   Data           1  loramac.o(.data)
    AckTimeoutRetriesCounter                 0x20000098   Data           1  loramac.o(.data)
    AckTimeoutRetry                          0x20000099   Data           1  loramac.o(.data)
    RxSlot                                   0x2000009a   Data           1  loramac.o(.data)
    LoRaMacDeviceClass                       0x2000009b   Data           1  loramac.o(.data)
    PublicNetwork                            0x2000009c   Data           1  loramac.o(.data)
    RepeaterSupport                          0x2000009d   Data           1  loramac.o(.data)
    DutyCycleOn                              0x2000009e   Data           1  loramac.o(.data)
    Channel                                  0x2000009f   Data           1  loramac.o(.data)
    LastTxChannel                            0x200000a0   Data           1  loramac.o(.data)
    LoRaMacBufferPktLen                      0x200000a2   Data           2  loramac.o(.data)
    LoRaMacDevNonce                          0x200000a4   Data           2  loramac.o(.data)
    AggregatedDCycle                         0x200000a6   Data           2  loramac.o(.data)
    JoinRequestTrials                        0x200000a8   Data           2  loramac.o(.data)
    MulticastChannels                        0x200000ac   Data           4  loramac.o(.data)
    UpLinkCounter                            0x200000b0   Data           4  loramac.o(.data)
    DownLinkCounter                          0x200000b4   Data           4  loramac.o(.data)
    AdrAckCounter                            0x200000b8   Data           4  loramac.o(.data)
    LoRaMacDevEui                            0x200000c4   Data           4  loramac.o(.data)
    LoRaMacAppEui                            0x200000c8   Data           4  loramac.o(.data)
    LoRaMacAppKey                            0x200000cc   Data           4  loramac.o(.data)
    LoRaMacNetID                             0x200000d0   Data           4  loramac.o(.data)
    LoRaMacDevAddr                           0x200000d4   Data           4  loramac.o(.data)
    AggregatedLastTxDoneTime                 0x200000d8   Data           4  loramac.o(.data)
    AggregatedTimeOff                        0x200000dc   Data           4  loramac.o(.data)
    LoRaMacPrimitives                        0x200000e0   Data           4  loramac.o(.data)
    LoRaMacCallbacks                         0x200000e4   Data           4  loramac.o(.data)
    RxWindow1Delay                           0x200000e8   Data           4  loramac.o(.data)
    RxWindow2Delay                           0x200000ec   Data           4  loramac.o(.data)
    Bands                                    0x200000f0   Data          12  loramac.o(.data)
    Channels                                 0x200000fc   Data         128  loramac.o(.data)
    .data                                    0x2000017c   Section       32  loramaccrypto.o(.data)
    MicBlockB0                               0x2000017c   Data          16  loramaccrypto.o(.data)
    aBlock                                   0x2000018c   Data          16  loramaccrypto.o(.data)
    .data                                    0x2000019c   Section        4  low_power.o(.data)
    LowPower_State                           0x2000019c   Data           4  low_power.o(.data)
    .data                                    0x200001a0   Section        4  timeserver.o(.data)
    TimerListHead                            0x200001a0   Data           4  timeserver.o(.data)
    .data                                    0x200001a4   Section        4  utilities.o(.data)
    next                                     0x200001a4   Data           4  utilities.o(.data)
    .bss                                     0x200001a8   Section      412  sx1276.o(.bss)
    RxTxBuffer                               0x200001a8   Data         256  sx1276.o(.bss)
    .bss                                     0x20000344   Section       64  hw_gpio.o(.bss)
    GpioIrq                                  0x20000344   Data          64  hw_gpio.o(.bss)
    .bss                                     0x20000384   Section      100  hw_rtc.o(.bss)
    RtcHandle                                0x20000384   Data          32  hw_rtc.o(.bss)
    RTC_AlarmStructure                       0x200003a4   Data          40  hw_rtc.o(.bss)
    RtcTimerContext                          0x200003cc   Data          28  hw_rtc.o(.bss)
    .bss                                     0x200003e8   Section       88  hw_spi.o(.bss)
    hspi                                     0x200003e8   Data          88  hw_spi.o(.bss)
    .bss                                     0x20000440   Section      208  vcom.o(.bss)
    buff                                     0x20000440   Data         144  vcom.o(.bss)
    UartHandle                               0x200004d0   Data          64  vcom.o(.bss)
    .bss                                     0x20000510   Section       80  stm32l1xx_hw.o(.bss)
    hadc                                     0x20000510   Data          80  stm32l1xx_hw.o(.bss)
    .bss                                     0x20000560   Section       64  lora.o(.bss)
    AppDataBuff                              0x20000560   Data          64  lora.o(.bss)
    .bss                                     0x200005a0   Section       64  lora.o(.bss)
    TxNextPacketTimer                        0x200005a0   Data          20  lora.o(.bss)
    LoRaMacPrimitives                        0x200005b4   Data          12  lora.o(.bss)
    mibReq                                   0x200005c0   Data          12  lora.o(.bss)
    .bss                                     0x200005e0   Section     1104  loramac.o(.bss)
    LoRaMacNwkSKey                           0x200005e0   Data          16  loramac.o(.bss)
    LoRaMacAppSKey                           0x200005f0   Data          16  loramac.o(.bss)
    LoRaMacBuffer                            0x20000600   Data         255  loramac.o(.bss)
    LoRaMacPayload                           0x200006ff   Data         255  loramac.o(.bss)
    LoRaMacRxPayload                         0x200007fe   Data         255  loramac.o(.bss)
    MacCommandsBuffer                        0x200008fd   Data          15  loramac.o(.bss)
    MacCommandsBufferToRepeat                0x2000090c   Data          15  loramac.o(.bss)
    MacStateCheckTimer                       0x2000097c   Data          20  loramac.o(.bss)
    RadioEvents                              0x20000990   Data          28  loramac.o(.bss)
    TxDelayedTimer                           0x200009ac   Data          20  loramac.o(.bss)
    RxWindowTimer1                           0x200009c0   Data          20  loramac.o(.bss)
    RxWindowTimer2                           0x200009d4   Data          20  loramac.o(.bss)
    AckTimeoutTimer                          0x200009e8   Data          20  loramac.o(.bss)
    McpsIndication                           0x200009fc   Data          24  loramac.o(.bss)
    McpsConfirm                              0x20000a14   Data          16  loramac.o(.bss)
    MlmeConfirm                              0x20000a24   Data          12  loramac.o(.bss)
    .bss                                     0x20000a30   Section      556  loramaccrypto.o(.bss)
    sBlock                                   0x20000a30   Data          16  loramaccrypto.o(.bss)
    Mic                                      0x20000a40   Data          16  loramaccrypto.o(.bss)
    AesContext                               0x20000a50   Data         241  loramaccrypto.o(.bss)
    AesCmacCtx                               0x20000b44   Data         280  loramaccrypto.o(.bss)
    STACK                                    0x20000c60   Section     1024  startup_stm32l152xe.o(STACK)

    Global Symbols

    Symbol Name                              Value     Ov Type        Size  Object(Section)

    BuildAttributes$$THM_ISAv4$P$D$K$B$S$PE$A:L22UL41UL21$X:L11$S22US41US21$IEEE1$IW$USESV6$~STKCKD$USESV7$~SHL$OTIME$ROPI$IEEEJ$EBA8$MICROLIB$REQ8$PRES8$EABIv2 0x00000000   Number         0  anon$$obj.o ABSOLUTE
    __ARM_use_no_argv                        0x00000000   Number         0  main.o ABSOLUTE
    __cpp_initialize__aeabi_                  - Undefined Weak Reference
    __cxa_finalize                            - Undefined Weak Reference
    _clock_init                               - Undefined Weak Reference
    _microlib_exit                            - Undefined Weak Reference
    __Vectors_Size                           0x00000124   Number         0  startup_stm32l152xe.o ABSOLUTE
    __Vectors                                0x08000000   Data           4  startup_stm32l152xe.o(RESET)
    __Vectors_End                            0x08000124   Data           0  startup_stm32l152xe.o(RESET)
    __main                                   0x08000125   Thumb Code     0  entry.o(.ARM.Collect$$$$00000000)
    _main_stk                                0x08000125   Thumb Code     0  entry2.o(.ARM.Collect$$$$00000001)
    _main_scatterload                        0x08000129   Thumb Code     0  entry5.o(.ARM.Collect$$$$00000004)
    __main_after_scatterload                 0x0800012d   Thumb Code     0  entry5.o(.ARM.Collect$$$$00000004)
    _main_clock                              0x0800012d   Thumb Code     0  entry7b.o(.ARM.Collect$$$$00000008)
    _main_cpp_init                           0x0800012d   Thumb Code     0  entry8b.o(.ARM.Collect$$$$0000000A)
    _main_init                               0x0800012d   Thumb Code     0  entry9a.o(.ARM.Collect$$$$0000000B)
    __rt_final_cpp                           0x08000135   Thumb Code     0  entry10a.o(.ARM.Collect$$$$0000000D)
    __rt_final_exit                          0x08000135   Thumb Code     0  entry11a.o(.ARM.Collect$$$$0000000F)
    Reset_Handler                            0x08000139   Thumb Code     8  startup_stm32l152xe.o(.text)
    ADC1_IRQHandler                          0x08000153   Thumb Code     0  startup_stm32l152xe.o(.text)
    COMP_ACQ_IRQHandler                      0x08000153   Thumb Code     0  startup_stm32l152xe.o(.text)
    COMP_IRQHandler                          0x08000153   Thumb Code     0  startup_stm32l152xe.o(.text)
    DAC_IRQHandler                           0x08000153   Thumb Code     0  startup_stm32l152xe.o(.text)
    DMA1_Channel1_IRQHandler                 0x08000153   Thumb Code     0  startup_stm32l152xe.o(.text)
    DMA1_Channel2_IRQHandler                 0x08000153   Thumb Code     0  startup_stm32l152xe.o(.text)
    DMA1_Channel3_IRQHandler                 0x08000153   Thumb Code     0  startup_stm32l152xe.o(.text)
    DMA1_Channel4_IRQHandler                 0x08000153   Thumb Code     0  startup_stm32l152xe.o(.text)
    DMA1_Channel5_IRQHandler                 0x08000153   Thumb Code     0  startup_stm32l152xe.o(.text)
    DMA1_Channel6_IRQHandler                 0x08000153   Thumb Code     0  startup_stm32l152xe.o(.text)
    DMA1_Channel7_IRQHandler                 0x08000153   Thumb Code     0  startup_stm32l152xe.o(.text)
    DMA2_Channel1_IRQHandler                 0x08000153   Thumb Code     0  startup_stm32l152xe.o(.text)
    DMA2_Channel2_IRQHandler                 0x08000153   Thumb Code     0  startup_stm32l152xe.o(.text)
    DMA2_Channel3_IRQHandler                 0x08000153   Thumb Code     0  startup_stm32l152xe.o(.text)
    DMA2_Channel4_IRQHandler                 0x08000153   Thumb Code     0  startup_stm32l152xe.o(.text)
    DMA2_Channel5_IRQHandler                 0x08000153   Thumb Code     0  startup_stm32l152xe.o(.text)
    FLASH_IRQHandler                         0x08000153   Thumb Code     0  startup_stm32l152xe.o(.text)
    I2C1_ER_IRQHandler                       0x08000153   Thumb Code     0  startup_stm32l152xe.o(.text)
    I2C1_EV_IRQHandler                       0x08000153   Thumb Code     0  startup_stm32l152xe.o(.text)
    I2C2_ER_IRQHandler                       0x08000153   Thumb Code     0  startup_stm32l152xe.o(.text)
    I2C2_EV_IRQHandler                       0x08000153   Thumb Code     0  startup_stm32l152xe.o(.text)
    LCD_IRQHandler                           0x08000153   Thumb Code     0  startup_stm32l152xe.o(.text)
    PVD_IRQHandler                           0x08000153   Thumb Code     0  startup_stm32l152xe.o(.text)
    RCC_IRQHandler                           0x08000153   Thumb Code     0  startup_stm32l152xe.o(.text)
    RTC_WKUP_IRQHandler                      0x08000153   Thumb Code     0  startup_stm32l152xe.o(.text)
    SPI1_IRQHandler                          0x08000153   Thumb Code     0  startup_stm32l152xe.o(.text)
    SPI2_IRQHandler                          0x08000153   Thumb Code     0  startup_stm32l152xe.o(.text)
    SPI3_IRQHandler                          0x08000153   Thumb Code     0  startup_stm32l152xe.o(.text)
    TAMPER_STAMP_IRQHandler                  0x08000153   Thumb Code     0  startup_stm32l152xe.o(.text)
    TIM10_IRQHandler                         0x08000153   Thumb Code     0  startup_stm32l152xe.o(.text)
    TIM11_IRQHandler                         0x08000153   Thumb Code     0  startup_stm32l152xe.o(.text)
    TIM2_IRQHandler                          0x08000153   Thumb Code     0  startup_stm32l152xe.o(.text)
    TIM3_IRQHandler                          0x08000153   Thumb Code     0  startup_stm32l152xe.o(.text)
    TIM4_IRQHandler                          0x08000153   Thumb Code     0  startup_stm32l152xe.o(.text)
    TIM5_IRQHandler                          0x08000153   Thumb Code     0  startup_stm32l152xe.o(.text)
    TIM6_IRQHandler                          0x08000153   Thumb Code     0  startup_stm32l152xe.o(.text)
    TIM7_IRQHandler                          0x08000153   Thumb Code     0  startup_stm32l152xe.o(.text)
    TIM9_IRQHandler                          0x08000153   Thumb Code     0  startup_stm32l152xe.o(.text)
    UART4_IRQHandler                         0x08000153   Thumb Code     0  startup_stm32l152xe.o(.text)
    UART5_IRQHandler                         0x08000153   Thumb Code     0  startup_stm32l152xe.o(.text)
    USART1_IRQHandler                        0x08000153   Thumb Code     0  startup_stm32l152xe.o(.text)
    USART2_IRQHandler                        0x08000153   Thumb Code     0  startup_stm32l152xe.o(.text)
    USART3_IRQHandler                        0x08000153   Thumb Code     0  startup_stm32l152xe.o(.text)
    USB_FS_WKUP_IRQHandler                   0x08000153   Thumb Code     0  startup_stm32l152xe.o(.text)
    USB_HP_IRQHandler                        0x08000153   Thumb Code     0  startup_stm32l152xe.o(.text)
    USB_LP_IRQHandler                        0x08000153   Thumb Code     0  startup_stm32l152xe.o(.text)
    WWDG_IRQHandler                          0x08000153   Thumb Code     0  startup_stm32l152xe.o(.text)
    __aeabi_uldivmod                         0x0800015d   Thumb Code    98  uldiv.o(.text)
    __aeabi_memcpy                           0x080001bf   Thumb Code    36  memcpya.o(.text)
    __aeabi_memcpy4                          0x080001bf   Thumb Code     0  memcpya.o(.text)
    __aeabi_memcpy8                          0x080001bf   Thumb Code     0  memcpya.o(.text)
    __aeabi_memset                           0x080001e3   Thumb Code    14  memseta.o(.text)
    __aeabi_memset4                          0x080001e3   Thumb Code     0  memseta.o(.text)
    __aeabi_memset8                          0x080001e3   Thumb Code     0  memseta.o(.text)
    __aeabi_memclr                           0x080001f1   Thumb Code     4  memseta.o(.text)
    __aeabi_memclr4                          0x080001f1   Thumb Code     0  memseta.o(.text)
    __aeabi_memclr8                          0x080001f1   Thumb Code     0  memseta.o(.text)
    _memset$wrapper                          0x080001f5   Thumb Code    18  memseta.o(.text)
    __aeabi_fmul                             0x08000207   Thumb Code   100  fmul.o(.text)
    __aeabi_fdiv                             0x0800026b   Thumb Code   124  fdiv.o(.text)
    __aeabi_dadd                             0x080002e7   Thumb Code   322  dadd.o(.text)
    __aeabi_dsub                             0x08000429   Thumb Code     6  dadd.o(.text)
    __aeabi_drsub                            0x0800042f   Thumb Code     6  dadd.o(.text)
    __aeabi_dmul                             0x08000435   Thumb Code   228  dmul.o(.text)
    __aeabi_ddiv                             0x08000519   Thumb Code   222  ddiv.o(.text)
    __ARM_scalbn                             0x080005f7   Thumb Code    46  dscalb.o(.text)
    scalbn                                   0x080005f7   Thumb Code     0  dscalb.o(.text)
    __aeabi_i2d                              0x08000625   Thumb Code    34  dflti.o(.text)
    __aeabi_ui2d                             0x08000647   Thumb Code    26  dfltui.o(.text)
    __aeabi_f2iz                             0x08000661   Thumb Code    50  ffixi.o(.text)
    __aeabi_f2uiz                            0x08000693   Thumb Code    40  ffixui.o(.text)
    __aeabi_d2uiz                            0x080006bb   Thumb Code    50  dfixui.o(.text)
    __aeabi_cdrcmple                         0x080006ed   Thumb Code    48  cdrcmple.o(.text)
    __aeabi_uidiv                            0x0800071d   Thumb Code     0  uidiv.o(.text)
    __aeabi_uidivmod                         0x0800071d   Thumb Code    44  uidiv.o(.text)
    __aeabi_llsl                             0x08000749   Thumb Code    30  llshl.o(.text)
    _ll_shift_l                              0x08000749   Thumb Code     0  llshl.o(.text)
    __aeabi_llsr                             0x08000767   Thumb Code    32  llushr.o(.text)
    _ll_ushift_r                             0x08000767   Thumb Code     0  llushr.o(.text)
    __aeabi_lasr                             0x08000787   Thumb Code    36  llsshr.o(.text)
    _ll_sshift_r                             0x08000787   Thumb Code     0  llsshr.o(.text)
    __I$use$fp                               0x080007ab   Thumb Code     0  iusefp.o(.text)
    _float_round                             0x080007ab   Thumb Code    18  fepilogue.o(.text)
    _float_epilogue                          0x080007bd   Thumb Code    92  fepilogue.o(.text)
    _double_round                            0x08000819   Thumb Code    30  depilogue.o(.text)
    _double_epilogue                         0x08000837   Thumb Code   156  depilogue.o(.text)
    _drnd                                    0x080008d5   Thumb Code   132  drnd.o(.text)
    __aeabi_d2ulz                            0x0800095d   Thumb Code    48  dfixul.o(.text)
    __aeabi_cdcmpeq                          0x0800098d   Thumb Code     0  cdcmple.o(.text)
    __aeabi_cdcmple                          0x0800098d   Thumb Code    48  cdcmple.o(.text)
    __scatterload                            0x080009bd   Thumb Code    28  init.o(.text)
    __scatterload_rt2                        0x080009bd   Thumb Code     0  init.o(.text)
    __decompress                             0x080009e1   Thumb Code     0  __dczerorl2.o(.text)
    __decompress1                            0x080009e1   Thumb Code    86  __dczerorl2.o(.text)
    ADC_Enable                               0x08000a39   Thumb Code   108  stm32l1xx_hal_adc.o(i.ADC_Enable)
    AES_CMAC_Final                           0x08000aad   Thumb Code   304  cmac.o(i.AES_CMAC_Final)
    AES_CMAC_Init                            0x08000bdd   Thumb Code    34  cmac.o(i.AES_CMAC_Init)
    AES_CMAC_SetKey                          0x08000bff   Thumb Code    14  cmac.o(i.AES_CMAC_SetKey)
    AES_CMAC_Update                          0x08000c0d   Thumb Code   162  cmac.o(i.AES_CMAC_Update)
    BSP_sensor_Init                          0x08000d8d   Thumb Code     2  bsp.o(i.BSP_sensor_Init)
    BSP_sensor_Read                          0x08000d91   Thumb Code    20  bsp.o(i.BSP_sensor_Read)
    BusFault_Handler                         0x08000dad   Thumb Code     2  stm32l1xx_it.o(i.BusFault_Handler)
    DBG_Init                                 0x08000e6d   Thumb Code   118  debug.o(i.DBG_Init)
    DebugMon_Handler                         0x08000eed   Thumb Code     2  stm32l1xx_it.o(i.DebugMon_Handler)
    DelayMs                                  0x08000eef   Thumb Code     4  delay.o(i.DelayMs)
    EXTI0_IRQHandler                         0x08000ef3   Thumb Code     6  stm32l1xx_it.o(i.EXTI0_IRQHandler)
    EXTI15_10_IRQHandler                     0x08000ef9   Thumb Code    54  stm32l1xx_it.o(i.EXTI15_10_IRQHandler)
    EXTI1_IRQHandler                         0x08000f2f   Thumb Code     6  stm32l1xx_it.o(i.EXTI1_IRQHandler)
    EXTI2_IRQHandler                         0x08000f35   Thumb Code     6  stm32l1xx_it.o(i.EXTI2_IRQHandler)
    EXTI3_IRQHandler                         0x08000f3b   Thumb Code     6  stm32l1xx_it.o(i.EXTI3_IRQHandler)
    EXTI4_IRQHandler                         0x08000f41   Thumb Code     6  stm32l1xx_it.o(i.EXTI4_IRQHandler)
    EXTI9_5_IRQHandler                       0x08000f47   Thumb Code    40  stm32l1xx_it.o(i.EXTI9_5_IRQHandler)
    Error_Handler                            0x08000f6f   Thumb Code     2  debug.o(i.Error_Handler)
    HAL_ADC_ConfigChannel                    0x08000f9d   Thumb Code   334  stm32l1xx_hal_adc.o(i.HAL_ADC_ConfigChannel)
    HAL_ADC_GetValue                         0x080010f9   Thumb Code     6  stm32l1xx_hal_adc.o(i.HAL_ADC_GetValue)
    HAL_ADC_Init                             0x08001101   Thumb Code   332  stm32l1xx_hal_adc.o(i.HAL_ADC_Init)
    HAL_ADC_MspInit                          0x08001261   Thumb Code     2  stm32l1xx_hal_adc.o(i.HAL_ADC_MspInit)
    HAL_ADC_PollForConversion                0x08001263   Thumb Code   136  stm32l1xx_hal_adc.o(i.HAL_ADC_PollForConversion)
    HAL_ADC_Start                            0x080012ed   Thumb Code    86  stm32l1xx_hal_adc.o(i.HAL_ADC_Start)
    HAL_DBGMCU_EnableDBGSleepMode            0x08001345   Thumb Code    12  stm32l1xx_hal.o(i.HAL_DBGMCU_EnableDBGSleepMode)
    HAL_DBGMCU_EnableDBGStandbyMode          0x08001355   Thumb Code    12  stm32l1xx_hal.o(i.HAL_DBGMCU_EnableDBGStandbyMode)
    HAL_DBGMCU_EnableDBGStopMode             0x08001365   Thumb Code    12  stm32l1xx_hal.o(i.HAL_DBGMCU_EnableDBGStopMode)
    HAL_GPIO_EXTI_Callback                   0x08001375   Thumb Code     4  stm32l1xx_hal_msp.o(i.HAL_GPIO_EXTI_Callback)
    HAL_GPIO_EXTI_IRQHandler                 0x08001379   Thumb Code    18  stm32l1xx_hal_gpio.o(i.HAL_GPIO_EXTI_IRQHandler)
    HAL_GPIO_Init                            0x08001391   Thumb Code   396  stm32l1xx_hal_gpio.o(i.HAL_GPIO_Init)
    HAL_GPIO_WritePin                        0x08001549   Thumb Code    10  stm32l1xx_hal_gpio.o(i.HAL_GPIO_WritePin)
    HAL_GetTick                              0x08001555   Thumb Code     6  stm32l1xx_hal.o(i.HAL_GetTick)
    HAL_IncTick                              0x08001561   Thumb Code    10  stm32l1xx_hal.o(i.HAL_IncTick)
    HAL_Init                                 0x08001571   Thumb Code    40  stm32l1xx_hal.o(i.HAL_Init)
    HAL_InitTick                             0x0800159d   Thumb Code     4  stm32l1xx_hal_msp.o(i.HAL_InitTick)
    HAL_MspInit                              0x080015a1   Thumb Code    18  stm32l1xx_hal_msp.o(i.HAL_MspInit)
    HAL_NVIC_EnableIRQ                       0x080015b3   Thumb Code    22  stm32l1xx_hal_cortex.o(i.HAL_NVIC_EnableIRQ)
    HAL_NVIC_GetPendingIRQ                   0x080015c9   Thumb Code    32  stm32l1xx_hal_cortex.o(i.HAL_NVIC_GetPendingIRQ)
    HAL_NVIC_SetPriority                     0x080015e9   Thumb Code    60  stm32l1xx_hal_cortex.o(i.HAL_NVIC_SetPriority)
    HAL_NVIC_SetPriorityGrouping             0x08001629   Thumb Code    26  stm32l1xx_hal_cortex.o(i.HAL_NVIC_SetPriorityGrouping)
    HAL_PWREx_EnableFastWakeUp               0x0800164d   Thumb Code    20  stm32l1xx_hal_pwr_ex.o(i.HAL_PWREx_EnableFastWakeUp)
    HAL_PWREx_EnableUltraLowPower            0x08001665   Thumb Code    20  stm32l1xx_hal_pwr_ex.o(i.HAL_PWREx_EnableUltraLowPower)
    HAL_PWREx_GetVoltageRange                0x0800167d   Thumb Code    10  stm32l1xx_hal_pwr_ex.o(i.HAL_PWREx_GetVoltageRange)
    HAL_PWR_DisablePVD                       0x0800168d   Thumb Code    20  stm32l1xx_hal_pwr.o(i.HAL_PWR_DisablePVD)
    HAL_PWR_EnterSLEEPMode                   0x080016a5   Thumb Code    38  stm32l1xx_hal_pwr.o(i.HAL_PWR_EnterSLEEPMode)
    HAL_PWR_EnterSTOPMode                    0x080016d5   Thumb Code    46  stm32l1xx_hal_pwr.o(i.HAL_PWR_EnterSTOPMode)
    HAL_RCCEx_PeriphCLKConfig                0x0800170d   Thumb Code   308  stm32l1xx_hal_rcc_ex.o(i.HAL_RCCEx_PeriphCLKConfig)
    HAL_RCC_ClockConfig                      0x0800184d   Thumb Code   786  stm32l1xx_hal_rcc.o(i.HAL_RCC_ClockConfig)
    HAL_RCC_GetHCLKFreq                      0x08001b69   Thumb Code    38  stm32l1xx_hal_rcc.o(i.HAL_RCC_GetHCLKFreq)
    HAL_RCC_GetPCLK1Freq                     0x08001b9d   Thumb Code    36  stm32l1xx_hal_rcc.o(i.HAL_RCC_GetPCLK1Freq)
    HAL_RCC_GetPCLK2Freq                     0x08001bc9   Thumb Code    36  stm32l1xx_hal_rcc.o(i.HAL_RCC_GetPCLK2Freq)
    HAL_RCC_GetSysClockFreq                  0x08001bf5   Thumb Code   126  stm32l1xx_hal_rcc.o(i.HAL_RCC_GetSysClockFreq)
    HAL_RCC_OscConfig                        0x08001c85   Thumb Code  1944  stm32l1xx_hal_rcc.o(i.HAL_RCC_OscConfig)
    HAL_RTCEx_AlarmBEventCallback            0x08002429   Thumb Code     2  stm32l1xx_hal_rtc_ex.o(i.HAL_RTCEx_AlarmBEventCallback)
    HAL_RTCEx_EnableBypassShadow             0x0800242b   Thumb Code    56  stm32l1xx_hal_rtc_ex.o(i.HAL_RTCEx_EnableBypassShadow)
    HAL_RTC_AlarmAEventCallback              0x08002463   Thumb Code     4  stm32l1xx_hal_msp.o(i.HAL_RTC_AlarmAEventCallback)
    HAL_RTC_AlarmIRQHandler                  0x08002469   Thumb Code    86  stm32l1xx_hal_rtc.o(i.HAL_RTC_AlarmIRQHandler)
    HAL_RTC_DeactivateAlarm                  0x080024c5   Thumb Code   178  stm32l1xx_hal_rtc.o(i.HAL_RTC_DeactivateAlarm)
    HAL_RTC_GetAlarm                         0x08002577   Thumb Code   126  stm32l1xx_hal_rtc_ex.o(i.HAL_RTC_GetAlarm)
    HAL_RTC_GetDate                          0x080025f5   Thumb Code    62  stm32l1xx_hal_rtc.o(i.HAL_RTC_GetDate)
    HAL_RTC_GetTime                          0x08002639   Thumb Code    74  stm32l1xx_hal_rtc_ex.o(i.HAL_RTC_GetTime)
    HAL_RTC_Init                             0x08002689   Thumb Code   150  stm32l1xx_hal_rtc.o(i.HAL_RTC_Init)
    HAL_RTC_MspInit                          0x08002725   Thumb Code    90  stm32l1xx_hal_msp.o(i.HAL_RTC_MspInit)
    HAL_RTC_SetAlarm_IT                      0x08002785   Thumb Code   404  stm32l1xx_hal_rtc_ex.o(i.HAL_RTC_SetAlarm_IT)
    HAL_RTC_SetDate                          0x0800291d   Thumb Code   196  stm32l1xx_hal_rtc.o(i.HAL_RTC_SetDate)
    HAL_RTC_SetTime                          0x080029e5   Thumb Code   228  stm32l1xx_hal_rtc.o(i.HAL_RTC_SetTime)
    HAL_RTC_WaitForSynchro                   0x08002acd   Thumb Code    58  stm32l1xx_hal_rtc_ex.o(i.HAL_RTC_WaitForSynchro)
    HAL_SPI_DeInit                           0x08002b07   Thumb Code    40  stm32l1xx_hal_spi.o(i.HAL_SPI_DeInit)
    HAL_SPI_Init                             0x08002b2f   Thumb Code   132  stm32l1xx_hal_spi_ex.o(i.HAL_SPI_Init)
    HAL_SPI_MspDeInit                        0x08002bb3   Thumb Code     2  stm32l1xx_hal_spi.o(i.HAL_SPI_MspDeInit)
    HAL_SPI_MspInit                          0x08002bb5   Thumb Code     2  stm32l1xx_hal_spi.o(i.HAL_SPI_MspInit)
    HAL_SPI_TransmitReceive                  0x08002bb7   Thumb Code   690  stm32l1xx_hal_spi.o(i.HAL_SPI_TransmitReceive)
    HAL_UART_DeInit                          0x08002e69   Thumb Code    60  stm32l1xx_hal_uart.o(i.HAL_UART_DeInit)
    HAL_UART_Init                            0x08002ea5   Thumb Code    94  stm32l1xx_hal_uart.o(i.HAL_UART_Init)
    HAL_UART_MspDeInit                       0x08002f05   Thumb Code    84  vcom.o(i.HAL_UART_MspDeInit)
    HAL_UART_MspInit                         0x08002f61   Thumb Code   106  vcom.o(i.HAL_UART_MspInit)
    HAL_UART_Transmit                        0x08002fd5   Thumb Code   204  stm32l1xx_hal_uart.o(i.HAL_UART_Transmit)
    HW_AdcInit                               0x080030a1   Thumb Code    94  stm32l1xx_hw.o(i.HW_AdcInit)
    HW_AdcReadChannel                        0x08003115   Thumb Code   108  stm32l1xx_hw.o(i.HW_AdcReadChannel)
    HW_DeInit                                0x08003191   Thumb Code    24  stm32l1xx_hw.o(i.HW_DeInit)
    HW_EnterSleepMode                        0x080031b1   Thumb Code     8  stm32l1xx_hw.o(i.HW_EnterSleepMode)
    HW_EnterStopMode                         0x080031b9   Thumb Code    38  stm32l1xx_hw.o(i.HW_EnterStopMode)
    HW_ExitStopMode                          0x080031e5   Thumb Code   176  stm32l1xx_hw.o(i.HW_ExitStopMode)
    HW_GPIO_Init                             0x080032cd   Thumb Code   116  hw_gpio.o(i.HW_GPIO_Init)
    HW_GPIO_IrqHandler                       0x08003349   Thumb Code    24  hw_gpio.o(i.HW_GPIO_IrqHandler)
    HW_GPIO_SetIrq                           0x08003365   Thumb Code    52  hw_gpio.o(i.HW_GPIO_SetIrq)
    HW_GPIO_Write                            0x0800339d   Thumb Code     6  hw_gpio.o(i.HW_GPIO_Write)
    HW_GetBatteryLevel                       0x080033a5   Thumb Code    68  stm32l1xx_hw.o(i.HW_GetBatteryLevel)
    HW_GetRandomSeed                         0x080033ed   Thumb Code    14  stm32l1xx_hw.o(i.HW_GetRandomSeed)
    HW_GetUniqueId                           0x08003401   Thumb Code    66  stm32l1xx_hw.o(i.HW_GetUniqueId)
    HW_Init                                  0x08003449   Thumb Code    42  stm32l1xx_hw.o(i.HW_Init)
    HW_RTC_DelayMs                           0x0800347d   Thumb Code    38  hw_rtc.o(i.HW_RTC_DelayMs)
    HW_RTC_GetMinimumTimeout                 0x08003575   Thumb Code     4  hw_rtc.o(i.HW_RTC_GetMinimumTimeout)
    HW_RTC_GetTimerContext                   0x08003579   Thumb Code     6  hw_rtc.o(i.HW_RTC_GetTimerContext)
    HW_RTC_GetTimerElapsedTime               0x08003585   Thumb Code    22  hw_rtc.o(i.HW_RTC_GetTimerElapsedTime)
    HW_RTC_GetTimerValue                     0x080035a1   Thumb Code    16  hw_rtc.o(i.HW_RTC_GetTimerValue)
    HW_RTC_Init                              0x080035b1   Thumb Code    34  hw_rtc.o(i.HW_RTC_Init)
    HW_RTC_IrqHandler                        0x080035dd   Thumb Code     6  hw_rtc.o(i.HW_RTC_IrqHandler)
    HW_RTC_SetAlarm                          0x080035e9   Thumb Code    64  hw_rtc.o(i.HW_RTC_SetAlarm)
    HW_RTC_SetTimerContext                   0x080036a1   Thumb Code    18  hw_rtc.o(i.HW_RTC_SetTimerContext)
    HW_RTC_StopAlarm                         0x080037f5   Thumb Code    26  hw_rtc.o(i.HW_RTC_StopAlarm)
    HW_RTC_Tick2ms                           0x08003815   Thumb Code    14  hw_rtc.o(i.HW_RTC_Tick2ms)
    HW_RTC_ms2Tick                           0x08003823   Thumb Code    16  hw_rtc.o(i.HW_RTC_ms2Tick)
    HW_RTC_setMcuWakeUpTime                  0x08003835   Thumb Code   120  hw_rtc.o(i.HW_RTC_setMcuWakeUpTime)
    HW_SPI_DeInit                            0x080038b9   Thumb Code   140  hw_spi.o(i.HW_SPI_DeInit)
    HW_SPI_InOut                             0x08003955   Thumb Code    28  hw_spi.o(i.HW_SPI_InOut)
    HW_SPI_Init                              0x08003975   Thumb Code   192  hw_spi.o(i.HW_SPI_Init)
    HardFault_Handler                        0x08003a51   Thumb Code     4  stm32l1xx_it.o(i.HardFault_Handler)
    LoRaMacChannelAdd                        0x08003a55   Thumb Code   202  loramac.o(i.LoRaMacChannelAdd)
    LoRaMacChannelRemove                     0x08003b2d   Thumb Code    76  loramac.o(i.LoRaMacChannelRemove)
    LoRaMacComputeMic                        0x08003b81   Thumb Code   114  loramaccrypto.o(i.LoRaMacComputeMic)
    LoRaMacInitialization                    0x08003c01   Thumb Code   232  loramac.o(i.LoRaMacInitialization)
    LoRaMacJoinComputeMic                    0x08003d21   Thumb Code    64  loramaccrypto.o(i.LoRaMacJoinComputeMic)
    LoRaMacJoinComputeSKeys                  0x08003d69   Thumb Code   136  loramaccrypto.o(i.LoRaMacJoinComputeSKeys)
    LoRaMacJoinDecrypt                       0x08003df5   Thumb Code    68  loramaccrypto.o(i.LoRaMacJoinDecrypt)
    LoRaMacMcpsRequest                       0x08003e3d   Thumb Code   228  loramac.o(i.LoRaMacMcpsRequest)
    LoRaMacMibGetRequestConfirm              0x08003f29   Thumb Code   174  loramac.o(i.LoRaMacMibGetRequestConfirm)
    LoRaMacMibSetRequestConfirm              0x08003fe5   Thumb Code   320  loramac.o(i.LoRaMacMibSetRequestConfirm)
    LoRaMacMlmeRequest                       0x08004135   Thumb Code   236  loramac.o(i.LoRaMacMlmeRequest)
    LoRaMacPayloadDecrypt                    0x0800422d   Thumb Code    18  loramaccrypto.o(i.LoRaMacPayloadDecrypt)
    LoRaMacPayloadEncrypt                    0x08004241   Thumb Code   198  loramaccrypto.o(i.LoRaMacPayloadEncrypt)
    LoRaMacQueryTxPossible                   0x08004311   Thumb Code   108  loramac.o(i.LoRaMacQueryTxPossible)
    LowPower_Disable                         0x08004495   Thumb Code    20  low_power.o(i.LowPower_Disable)
    LowPower_Enable                          0x080044ad   Thumb Code    20  low_power.o(i.LowPower_Enable)
    LowPower_GetState                        0x080044c5   Thumb Code     6  low_power.o(i.LowPower_GetState)
    LowPower_Handler                         0x080044d1   Thumb Code    50  low_power.o(i.LowPower_Handler)
    MSP_GetIRQn                              0x0800450d   Thumb Code    86  stm32l1xx_hal_msp.o(i.MSP_GetIRQn)
    MemManage_Handler                        0x080046a5   Thumb Code     2  stm32l1xx_it.o(i.MemManage_Handler)
    NMI_Handler                              0x080046e5   Thumb Code     2  stm32l1xx_it.o(i.NMI_Handler)
    OnSendEvent                              0x08005025   Thumb Code    40  lora.o(i.OnSendEvent)
    PendSV_Handler                           0x080050b9   Thumb Code     2  stm32l1xx_it.o(i.PendSV_Handler)
    PrepareFrame                             0x080050bd   Thumb Code   694  loramac.o(i.PrepareFrame)
    RTC_Alarm_IRQHandler                     0x080057d9   Thumb Code     4  stm32l1xx_it.o(i.RTC_Alarm_IRQHandler)
    RTC_Bcd2ToByte                           0x080057dd   Thumb Code    18  stm32l1xx_hal_rtc.o(i.RTC_Bcd2ToByte)
    RTC_ByteToBcd2                           0x080057ef   Thumb Code    22  stm32l1xx_hal_rtc.o(i.RTC_ByteToBcd2)
    RTC_EnterInitMode                        0x08005805   Thumb Code    58  stm32l1xx_hal_rtc.o(i.RTC_EnterInitMode)
    SVC_Handler                              0x08005acf   Thumb Code     2  stm32l1xx_it.o(i.SVC_Handler)
    SX1276CheckRfFrequency                   0x08005ad1   Thumb Code     4  sx1276mb1mas.o(i.SX1276CheckRfFrequency)
    SX1276GetPaSelect                        0x08005ad5   Thumb Code     4  sx1276mb1mas.o(i.SX1276GetPaSelect)
    SX1276GetStatus                          0x08005ad9   Thumb Code     6  sx1276.o(i.SX1276GetStatus)
    SX1276GetTimeOnAir                       0x08005ae5   Thumb Code   454  sx1276.o(i.SX1276GetTimeOnAir)
    SX1276Init                               0x08005cd5   Thumb Code   104  sx1276.o(i.SX1276Init)
    SX1276IoDeInit                           0x08005d4d   Thumb Code    68  sx1276mb1mas.o(i.SX1276IoDeInit)
    SX1276IoInit                             0x08005d9d   Thumb Code    72  sx1276mb1mas.o(i.SX1276IoInit)
    SX1276IoIrqInit                          0x08005df1   Thumb Code    60  sx1276mb1mas.o(i.SX1276IoIrqInit)
    SX1276IsChannelFree                      0x08005e35   Thumb Code    54  sx1276.o(i.SX1276IsChannelFree)
    SX1276OnDio0Irq                          0x08005e6d   Thumb Code   540  sx1276.o(i.SX1276OnDio0Irq)
    SX1276OnDio1Irq                          0x080060a9   Thumb Code   196  sx1276.o(i.SX1276OnDio1Irq)
    SX1276OnDio2Irq                          0x08006181   Thumb Code   174  sx1276.o(i.SX1276OnDio2Irq)
    SX1276OnDio3Irq                          0x08006239   Thumb Code    80  sx1276.o(i.SX1276OnDio3Irq)
    SX1276OnDio4Irq                          0x08006291   Thumb Code    24  sx1276.o(i.SX1276OnDio4Irq)
    SX1276OnTimeoutIrq                       0x080062ad   Thumb Code   128  sx1276.o(i.SX1276OnTimeoutIrq)
    SX1276Random                             0x08006335   Thumb Code    62  sx1276.o(i.SX1276Random)
    SX1276Read                               0x08006373   Thumb Code    16  sx1276.o(i.SX1276Read)
    SX1276ReadBuffer                         0x08006385   Thumb Code    64  sx1276.o(i.SX1276ReadBuffer)
    SX1276ReadFifo                           0x080063c9   Thumb Code    10  sx1276.o(i.SX1276ReadFifo)
    SX1276ReadRssi                           0x080063d5   Thumb Code    56  sx1276.o(i.SX1276ReadRssi)
    SX1276Reset                              0x08006415   Thumb Code    74  sx1276.o(i.SX1276Reset)
    SX1276Send                               0x08006465   Thumb Code   230  sx1276.o(i.SX1276Send)
    SX1276SetAntSw                           0x08006555   Thumb Code    30  sx1276mb1mas.o(i.SX1276SetAntSw)
    SX1276SetAntSwLowPower                   0x0800657d   Thumb Code    60  sx1276mb1mas.o(i.SX1276SetAntSwLowPower)
    SX1276SetChannel                         0x080065c1   Thumb Code    66  sx1276.o(i.SX1276SetChannel)
    SX1276SetMaxPayloadLength                0x08006609   Thumb Code    46  sx1276.o(i.SX1276SetMaxPayloadLength)
    SX1276SetModem                           0x0800663d   Thumb Code    94  sx1276.o(i.SX1276SetModem)
    SX1276SetOpMode                          0x080066a1   Thumb Code    58  sx1276.o(i.SX1276SetOpMode)
    SX1276SetRx                              0x080066dd   Thumb Code   586  sx1276.o(i.SX1276SetRx)
    SX1276SetRxConfig                        0x0800693d   Thumb Code   560  sx1276.o(i.SX1276SetRxConfig)
    SX1276SetSleep                           0x08006b79   Thumb Code    32  sx1276.o(i.SX1276SetSleep)
    SX1276SetStby                            0x08006b9d   Thumb Code    32  sx1276.o(i.SX1276SetStby)
    SX1276SetSyncWord                        0x08006bc1   Thumb Code     8  sx1276.o(i.SX1276SetSyncWord)
    SX1276SetTx                              0x08006bc9   Thumb Code   154  sx1276.o(i.SX1276SetTx)
    SX1276SetTxConfig                        0x08006c69   Thumb Code   654  sx1276.o(i.SX1276SetTxConfig)
    SX1276StartCad                           0x08006f05   Thumb Code    54  sx1276.o(i.SX1276StartCad)
    SX1276Write                              0x08006f41   Thumb Code    12  sx1276.o(i.SX1276Write)
    SX1276WriteBuffer                        0x08006f4d   Thumb Code    62  sx1276.o(i.SX1276WriteBuffer)
    SX1276WriteFifo                          0x08006f91   Thumb Code    10  sx1276.o(i.SX1276WriteFifo)
    Send                                     0x08007015   Thumb Code    56  loramac.o(i.Send)
    SendFrameOnChannel                       0x080070c9   Thumb Code   280  loramac.o(i.SendFrameOnChannel)
    SysTick_Handler                          0x080073d9   Thumb Code     4  stm32l1xx_it.o(i.SysTick_Handler)
    SystemClock_Config                       0x080073dd   Thumb Code   132  stm32l1xx_hw.o(i.SystemClock_Config)
    SystemInit                               0x08007469   Thumb Code    62  system_stm32l1xx.o(i.SystemInit)
    TimerGetCurrentTime                      0x080074b9   Thumb Code    14  timeserver.o(i.TimerGetCurrentTime)
    TimerGetElapsedTime                      0x080074c7   Thumb Code    26  timeserver.o(i.TimerGetElapsedTime)
    TimerInit                                0x080074e1   Thumb Code    14  timeserver.o(i.TimerInit)
    TimerIrqHandler                          0x08007509   Thumb Code   134  timeserver.o(i.TimerIrqHandler)
    TimerSetValue                            0x080075c7   Thumb Code    34  timeserver.o(i.TimerSetValue)
    TimerStart                               0x080075e9   Thumb Code   108  timeserver.o(i.TimerStart)
    TimerStop                                0x08007659   Thumb Code    84  timeserver.o(i.TimerStop)
    UsageFault_Handler                       0x080078ab   Thumb Code     2  stm32l1xx_it.o(i.UsageFault_Handler)
    __0vsprintf                              0x080078e9   Thumb Code    30  printfa.o(i.__0vsprintf)
    __1vsprintf                              0x080078e9   Thumb Code     0  printfa.o(i.__0vsprintf)
    __2vsprintf                              0x080078e9   Thumb Code     0  printfa.o(i.__0vsprintf)
    __c89vsprintf                            0x080078e9   Thumb Code     0  printfa.o(i.__0vsprintf)
    vsprintf                                 0x080078e9   Thumb Code     0  printfa.o(i.__0vsprintf)
    __scatterload_copy                       0x0800790d   Thumb Code    14  handlers.o(i.__scatterload_copy)
    __scatterload_null                       0x0800791b   Thumb Code     2  handlers.o(i.__scatterload_null)
    __scatterload_zeroinit                   0x0800791d   Thumb Code    14  handlers.o(i.__scatterload_zeroinit)
    aes_encrypt                              0x080081e9   Thumb Code    78  aes.o(i.aes_encrypt)
    aes_set_key                              0x08008239   Thumb Code   236  aes.o(i.aes_set_key)
    ceil                                     0x08008329   Thumb Code   204  ceil.o(i.ceil)
    floor                                    0x080084cd   Thumb Code   204  floor.o(i.floor)
    lora_Init                                0x080085a9   Thumb Code   132  lora.o(i.lora_Init)
    lora_fsm                                 0x0800867d   Thumb Code   216  lora.o(i.lora_fsm)
    lora_getDeviceState                      0x08008775   Thumb Code     6  lora.o(i.lora_getDeviceState)
    main                                     0x08008781   Thumb Code    58  main.o(i.main)
    memcpy1                                  0x080087d5   Thumb Code    20  utilities.o(i.memcpy1)
    memcpyr                                  0x080087e9   Thumb Code    24  utilities.o(i.memcpyr)
    memset1                                  0x08008801   Thumb Code    16  utilities.o(i.memset1)
    rand1                                    0x08008a2d   Thumb Code    30  utilities.o(i.rand1)
    randr                                    0x08008a55   Thumb Code    26  utilities.o(i.randr)
    round                                    0x08008a71   Thumb Code   136  round.o(i.round)
    srand1                                   0x08008b6d   Thumb Code     6  utilities.o(i.srand1)
    vcom_DeInit                              0x08008b79   Thumb Code     6  vcom.o(i.vcom_DeInit)
    vcom_Init                                0x08008b85   Thumb Code    46  vcom.o(i.vcom_Init)
    vcom_Send                                0x08008bbd   Thumb Code    40  vcom.o(i.vcom_Send)
    Radio                                    0x08008c70   Data          96  sx1276mb1mas.o(.constdata)
    RadioRegsInit                            0x08008cd0   Data          48  sx1276.o(.constdata)
    FskBandwidths                            0x08008d00   Data         176  sx1276.o(.constdata)
    aPLLDivisionFactorTable                  0x08008db0   Data           4  stm32l1xx_hal_rcc.o(.constdata)
    aAPBAHBPrescTable                        0x08008db4   Data          16  stm32l1xx_hal_rcc.o(.constdata)
    aPLLMulFactorTable                       0x08008dc4   Data           9  stm32l1xx_hal_rcc.o(.constdata)
    TxPowers                                 0x08008de8   Data           6  loramac.o(.constdata)
    Datarates                                0x08008dee   Data           8  loramac.o(.constdata)
    MaxPayloadOfDatarate                     0x08008df6   Data           8  loramac.o(.constdata)
    MaxPayloadOfDatarateRepeater             0x08008dfe   Data           8  loramac.o(.constdata)
    Region$$Table$$Base                      0x08009110   Number         0  anon$$obj.o(Region$$Table)
    Region$$Table$$Limit                     0x08009130   Number         0  anon$$obj.o(Region$$Table)
    DioIrq                                   0x20000008   Data          24  sx1276.o(.data)
    SystemCoreClock                          0x20000020   Data           4  system_stm32l1xx.o(.data)
    LoRaMacFlags                             0x200000a1   Data           1  loramac.o(.data)
    LoRaMacState                             0x200000bc   Data           4  loramac.o(.data)
    TxTimeOnAir                              0x200000c0   Data           4  loramac.o(.data)
    SX1276                                   0x200002a8   Data          96  sx1276.o(.bss)
    TxTimeoutTimer                           0x20000308   Data          20  sx1276.o(.bss)
    RxTimeoutTimer                           0x2000031c   Data          20  sx1276.o(.bss)
    RxTimeoutSyncWord                        0x20000330   Data          20  sx1276.o(.bss)
    ComplianceTest                           0x200005cc   Data          20  lora.o(.bss)
    LoRaMacParams                            0x2000091c   Data          48  loramac.o(.bss)
    LoRaMacParamsDefaults                    0x2000094c   Data          48  loramac.o(.bss)
    __initial_sp                             0x20001060   Data           0  startup_stm32l152xe.o(STACK)



==============================================================================

Memory Map of the image

  Image Entry point : 0x08000125

  Load Region LR_IROM1 (Base: 0x08000000, Size: 0x000092d8, Max: 0x00080000, ABSOLUTE, COMPRESSED[0x000091a4])

    Execution Region ER_IROM1 (Base: 0x08000000, Size: 0x00009130, Max: 0x00080000, ABSOLUTE)

    Base Addr    Size         Type   Attr      Idx    E Section Name        Object

    0x08000000   0x00000124   Data   RO         4019    RESET               startup_stm32l152xe.o
    0x08000124   0x00000000   Code   RO         5431  * .ARM.Collect$$$$00000000  mc_w.l(entry.o)
    0x08000124   0x00000004   Code   RO         5508    .ARM.Collect$$$$00000001  mc_w.l(entry2.o)
    0x08000128   0x00000004   Code   RO         5511    .ARM.Collect$$$$00000004  mc_w.l(entry5.o)
    0x0800012c   0x00000000   Code   RO         5513    .ARM.Collect$$$$00000008  mc_w.l(entry7b.o)
    0x0800012c   0x00000000   Code   RO         5515    .ARM.Collect$$$$0000000A  mc_w.l(entry8b.o)
    0x0800012c   0x00000008   Code   RO         5516    .ARM.Collect$$$$0000000B  mc_w.l(entry9a.o)
    0x08000134   0x00000000   Code   RO         5518    .ARM.Collect$$$$0000000D  mc_w.l(entry10a.o)
    0x08000134   0x00000000   Code   RO         5520    .ARM.Collect$$$$0000000F  mc_w.l(entry11a.o)
    0x08000134   0x00000004   Code   RO         5509    .ARM.Collect$$$$00002712  mc_w.l(entry2.o)
    0x08000138   0x00000024   Code   RO         4020    .text               startup_stm32l152xe.o
    0x0800015c   0x00000062   Code   RO         5434    .text               mc_w.l(uldiv.o)
    0x080001be   0x00000024   Code   RO         5436    .text               mc_w.l(memcpya.o)
    0x080001e2   0x00000024   Code   RO         5438    .text               mc_w.l(memseta.o)
    0x08000206   0x00000064   Code   RO         5472    .text               mf_w.l(fmul.o)
    0x0800026a   0x0000007c   Code   RO         5474    .text               mf_w.l(fdiv.o)
    0x080002e6   0x0000014e   Code   RO         5478    .text               mf_w.l(dadd.o)
    0x08000434   0x000000e4   Code   RO         5480    .text               mf_w.l(dmul.o)
    0x08000518   0x000000de   Code   RO         5482    .text               mf_w.l(ddiv.o)
    0x080005f6   0x0000002e   Code   RO         5484    .text               mf_w.l(dscalb.o)
    0x08000624   0x00000022   Code   RO         5490    .text               mf_w.l(dflti.o)
    0x08000646   0x0000001a   Code   RO         5492    .text               mf_w.l(dfltui.o)
    0x08000660   0x00000032   Code   RO         5494    .text               mf_w.l(ffixi.o)
    0x08000692   0x00000028   Code   RO         5496    .text               mf_w.l(ffixui.o)
    0x080006ba   0x00000032   Code   RO         5500    .text               mf_w.l(dfixui.o)
    0x080006ec   0x00000030   Code   RO         5504    .text               mf_w.l(cdrcmple.o)
    0x0800071c   0x0000002c   Code   RO         5525    .text               mc_w.l(uidiv.o)
    0x08000748   0x0000001e   Code   RO         5527    .text               mc_w.l(llshl.o)
    0x08000766   0x00000020   Code   RO         5529    .text               mc_w.l(llushr.o)
    0x08000786   0x00000024   Code   RO         5531    .text               mc_w.l(llsshr.o)
    0x080007aa   0x00000000   Code   RO         5533    .text               mc_w.l(iusefp.o)
    0x080007aa   0x0000006e   Code   RO         5534    .text               mf_w.l(fepilogue.o)
    0x08000818   0x000000ba   Code   RO         5536    .text               mf_w.l(depilogue.o)
    0x080008d2   0x00000002   PAD
    0x080008d4   0x00000088   Code   RO         5538    .text               mf_w.l(drnd.o)
    0x0800095c   0x00000030   Code   RO         5540    .text               mf_w.l(dfixul.o)
    0x0800098c   0x00000030   Code   RO         5542    .text               mf_w.l(cdcmple.o)
    0x080009bc   0x00000024   Code   RO         5544    .text               mc_w.l(init.o)
    0x080009e0   0x00000056   Code   RO         5556    .text               mc_w.l(__dczerorl2.o)
    0x08000a36   0x00000002   PAD
    0x08000a38   0x00000074   Code   RO         1335    i.ADC_Enable        stm32l1xx_hal_adc.o
    0x08000aac   0x00000130   Code   RO         5382    i.AES_CMAC_Final    cmac.o
    0x08000bdc   0x00000022   Code   RO         5383    i.AES_CMAC_Init     cmac.o
    0x08000bfe   0x0000000e   Code   RO         5384    i.AES_CMAC_SetKey   cmac.o
    0x08000c0c   0x000000a2   Code   RO         5385    i.AES_CMAC_Update   cmac.o
    0x08000cae   0x00000002   PAD
    0x08000cb0   0x0000008c   Code   RO         4799    i.AddMacCommand     loramac.o
    0x08000d3c   0x00000050   Code   RO         4800    i.AdrNextDr         loramac.o
    0x08000d8c   0x00000002   Code   RO         4027    i.BSP_sensor_Init   bsp.o
    0x08000d8e   0x00000002   PAD
    0x08000d90   0x0000001c   Code   RO         4028    i.BSP_sensor_Read   bsp.o
    0x08000dac   0x00000002   Code   RO         4596    i.BusFault_Handler  stm32l1xx_it.o
    0x08000dae   0x00000002   PAD
    0x08000db0   0x000000bc   Code   RO         4801    i.CalculateBackOff  loramac.o
    0x08000e6c   0x00000080   Code   RO         4078    i.DBG_Init          debug.o
    0x08000eec   0x00000002   Code   RO         4597    i.DebugMon_Handler  stm32l1xx_it.o
    0x08000eee   0x00000004   Code   RO         5108    i.DelayMs           delay.o
    0x08000ef2   0x00000006   Code   RO         4598    i.EXTI0_IRQHandler  stm32l1xx_it.o
    0x08000ef8   0x00000036   Code   RO         4599    i.EXTI15_10_IRQHandler  stm32l1xx_it.o
    0x08000f2e   0x00000006   Code   RO         4600    i.EXTI1_IRQHandler  stm32l1xx_it.o
    0x08000f34   0x00000006   Code   RO         4601    i.EXTI2_IRQHandler  stm32l1xx_it.o
    0x08000f3a   0x00000006   Code   RO         4602    i.EXTI3_IRQHandler  stm32l1xx_it.o
    0x08000f40   0x00000006   Code   RO         4603    i.EXTI4_IRQHandler  stm32l1xx_it.o
    0x08000f46   0x00000028   Code   RO         4604    i.EXTI9_5_IRQHandler  stm32l1xx_it.o
    0x08000f6e   0x00000002   Code   RO         4079    i.Error_Handler     debug.o
    0x08000f70   0x0000002c   Code   RO          921    i.GetFskBandwidthRegValue  sx1276.o
    0x08000f9c   0x0000015c   Code   RO         1337    i.HAL_ADC_ConfigChannel  stm32l1xx_hal_adc.o
    0x080010f8   0x00000006   Code   RO         1344    i.HAL_ADC_GetValue  stm32l1xx_hal_adc.o
    0x080010fe   0x00000002   PAD
    0x08001100   0x00000160   Code   RO         1346    i.HAL_ADC_Init      stm32l1xx_hal_adc.o
    0x08001260   0x00000002   Code   RO         1349    i.HAL_ADC_MspInit   stm32l1xx_hal_adc.o
    0x08001262   0x00000088   Code   RO         1350    i.HAL_ADC_PollForConversion  stm32l1xx_hal_adc.o
    0x080012ea   0x00000002   PAD
    0x080012ec   0x00000056   Code   RO         1352    i.HAL_ADC_Start     stm32l1xx_hal_adc.o
    0x08001342   0x00000002   PAD
    0x08001344   0x00000010   Code   RO         1200    i.HAL_DBGMCU_EnableDBGSleepMode  stm32l1xx_hal.o
    0x08001354   0x00000010   Code   RO         1201    i.HAL_DBGMCU_EnableDBGStandbyMode  stm32l1xx_hal.o
    0x08001364   0x00000010   Code   RO         1202    i.HAL_DBGMCU_EnableDBGStopMode  stm32l1xx_hal.o
    0x08001374   0x00000004   Code   RO         4435    i.HAL_GPIO_EXTI_Callback  stm32l1xx_hal_msp.o
    0x08001378   0x00000018   Code   RO         3956    i.HAL_GPIO_EXTI_IRQHandler  stm32l1xx_hal_gpio.o
    0x08001390   0x000001b8   Code   RO         3957    i.HAL_GPIO_Init     stm32l1xx_hal_gpio.o
    0x08001548   0x0000000a   Code   RO         3961    i.HAL_GPIO_WritePin  stm32l1xx_hal_gpio.o
    0x08001552   0x00000002   PAD
    0x08001554   0x0000000c   Code   RO         1208    i.HAL_GetTick       stm32l1xx_hal.o
    0x08001560   0x00000010   Code   RO         1209    i.HAL_IncTick       stm32l1xx_hal.o
    0x08001570   0x0000002c   Code   RO         1210    i.HAL_Init          stm32l1xx_hal.o
    0x0800159c   0x00000004   Code   RO         4436    i.HAL_InitTick      stm32l1xx_hal_msp.o
    0x080015a0   0x00000012   Code   RO         4437    i.HAL_MspInit       stm32l1xx_hal_msp.o
    0x080015b2   0x00000016   Code   RO         1511    i.HAL_NVIC_EnableIRQ  stm32l1xx_hal_cortex.o
    0x080015c8   0x00000020   Code   RO         1513    i.HAL_NVIC_GetPendingIRQ  stm32l1xx_hal_cortex.o
    0x080015e8   0x00000040   Code   RO         1517    i.HAL_NVIC_SetPriority  stm32l1xx_hal_cortex.o
    0x08001628   0x00000024   Code   RO         1518    i.HAL_NVIC_SetPriorityGrouping  stm32l1xx_hal_cortex.o
    0x0800164c   0x00000018   Code   RO         1754    i.HAL_PWREx_EnableFastWakeUp  stm32l1xx_hal_pwr_ex.o
    0x08001664   0x00000018   Code   RO         1756    i.HAL_PWREx_EnableUltraLowPower  stm32l1xx_hal_pwr_ex.o
    0x0800167c   0x00000010   Code   RO         1757    i.HAL_PWREx_GetVoltageRange  stm32l1xx_hal_pwr_ex.o
    0x0800168c   0x00000018   Code   RO         1634    i.HAL_PWR_DisablePVD  stm32l1xx_hal_pwr.o
    0x080016a4   0x00000030   Code   RO         1643    i.HAL_PWR_EnterSLEEPMode  stm32l1xx_hal_pwr.o
    0x080016d4   0x00000038   Code   RO         1645    i.HAL_PWR_EnterSTOPMode  stm32l1xx_hal_pwr.o
    0x0800170c   0x00000140   Code   RO         1925    i.HAL_RCCEx_PeriphCLKConfig  stm32l1xx_hal_rcc_ex.o
    0x0800184c   0x0000031c   Code   RO         1812    i.HAL_RCC_ClockConfig  stm32l1xx_hal_rcc.o
    0x08001b68   0x00000034   Code   RO         1817    i.HAL_RCC_GetHCLKFreq  stm32l1xx_hal_rcc.o
    0x08001b9c   0x0000002c   Code   RO         1819    i.HAL_RCC_GetPCLK1Freq  stm32l1xx_hal_rcc.o
    0x08001bc8   0x0000002c   Code   RO         1820    i.HAL_RCC_GetPCLK2Freq  stm32l1xx_hal_rcc.o
    0x08001bf4   0x00000090   Code   RO         1821    i.HAL_RCC_GetSysClockFreq  stm32l1xx_hal_rcc.o
    0x08001c84   0x000007a4   Code   RO         1824    i.HAL_RCC_OscConfig  stm32l1xx_hal_rcc.o
    0x08002428   0x00000002   Code   RO         2076    i.HAL_RTCEx_AlarmBEventCallback  stm32l1xx_hal_rtc_ex.o
    0x0800242a   0x00000038   Code   RO         2086    i.HAL_RTCEx_EnableBypassShadow  stm32l1xx_hal_rtc_ex.o
    0x08002462   0x00000004   Code   RO         4438    i.HAL_RTC_AlarmAEventCallback  stm32l1xx_hal_msp.o
    0x08002466   0x00000002   PAD
    0x08002468   0x0000005c   Code   RO         1970    i.HAL_RTC_AlarmIRQHandler  stm32l1xx_hal_rtc.o
    0x080024c4   0x000000b2   Code   RO         1972    i.HAL_RTC_DeactivateAlarm  stm32l1xx_hal_rtc.o
    0x08002576   0x0000007e   Code   RO         2114    i.HAL_RTC_GetAlarm  stm32l1xx_hal_rtc_ex.o
    0x080025f4   0x00000044   Code   RO         1973    i.HAL_RTC_GetDate   stm32l1xx_hal_rtc.o
    0x08002638   0x00000050   Code   RO         2115    i.HAL_RTC_GetTime   stm32l1xx_hal_rtc_ex.o
    0x08002688   0x0000009c   Code   RO         1975    i.HAL_RTC_Init      stm32l1xx_hal_rtc.o
    0x08002724   0x00000060   Code   RO         4440    i.HAL_RTC_MspInit   stm32l1xx_hal_msp.o
    0x08002784   0x00000198   Code   RO         2117    i.HAL_RTC_SetAlarm_IT  stm32l1xx_hal_rtc_ex.o
    0x0800291c   0x000000c8   Code   RO         1979    i.HAL_RTC_SetDate   stm32l1xx_hal_rtc.o
    0x080029e4   0x000000e8   Code   RO         1980    i.HAL_RTC_SetTime   stm32l1xx_hal_rtc.o
    0x08002acc   0x0000003a   Code   RO         2118    i.HAL_RTC_WaitForSynchro  stm32l1xx_hal_rtc_ex.o
    0x08002b06   0x00000028   Code   RO         2355    i.HAL_SPI_DeInit    stm32l1xx_hal_spi.o
    0x08002b2e   0x00000084   Code   RO         2591    i.HAL_SPI_Init      stm32l1xx_hal_spi_ex.o
    0x08002bb2   0x00000002   Code   RO         2361    i.HAL_SPI_MspDeInit  stm32l1xx_hal_spi.o
    0x08002bb4   0x00000002   Code   RO         2362    i.HAL_SPI_MspInit   stm32l1xx_hal_spi.o
    0x08002bb6   0x000002b2   Code   RO         2369    i.HAL_SPI_TransmitReceive  stm32l1xx_hal_spi.o
    0x08002e68   0x0000003c   Code   RO         3283    i.HAL_UART_DeInit   stm32l1xx_hal_uart.o
    0x08002ea4   0x0000005e   Code   RO         3288    i.HAL_UART_Init     stm32l1xx_hal_uart.o
    0x08002f02   0x00000002   PAD
    0x08002f04   0x0000005c   Code   RO         4376    i.HAL_UART_MspDeInit  vcom.o
    0x08002f60   0x00000074   Code   RO         4377    i.HAL_UART_MspInit  vcom.o
    0x08002fd4   0x000000cc   Code   RO         3296    i.HAL_UART_Transmit  stm32l1xx_hal_uart.o
    0x080030a0   0x00000074   Code   RO         4501    i.HW_AdcInit        stm32l1xx_hw.o
    0x08003114   0x0000007c   Code   RO         4502    i.HW_AdcReadChannel  stm32l1xx_hw.o
    0x08003190   0x00000020   Code   RO         4503    i.HW_DeInit         stm32l1xx_hw.o
    0x080031b0   0x00000008   Code   RO         4504    i.HW_EnterSleepMode  stm32l1xx_hw.o
    0x080031b8   0x0000002c   Code   RO         4505    i.HW_EnterStopMode  stm32l1xx_hw.o
    0x080031e4   0x000000b8   Code   RO         4506    i.HW_ExitStopMode   stm32l1xx_hw.o
    0x0800329c   0x00000030   Code   RO         4108    i.HW_GPIO_GetBitPos  hw_gpio.o
    0x080032cc   0x0000007c   Code   RO         4109    i.HW_GPIO_Init      hw_gpio.o
    0x08003348   0x0000001c   Code   RO         4110    i.HW_GPIO_IrqHandler  hw_gpio.o
    0x08003364   0x00000038   Code   RO         4112    i.HW_GPIO_SetIrq    hw_gpio.o
    0x0800339c   0x00000006   Code   RO         4113    i.HW_GPIO_Write     hw_gpio.o
    0x080033a2   0x00000002   PAD
    0x080033a4   0x00000048   Code   RO         4507    i.HW_GetBatteryLevel  stm32l1xx_hw.o
    0x080033ec   0x00000014   Code   RO         4508    i.HW_GetRandomSeed  stm32l1xx_hw.o
    0x08003400   0x00000048   Code   RO         4509    i.HW_GetUniqueId    stm32l1xx_hw.o
    0x08003448   0x00000034   Code   RO         4510    i.HW_Init           stm32l1xx_hw.o
    0x0800347c   0x00000026   Code   RO         4163    i.HW_RTC_DelayMs    hw_rtc.o
    0x080034a2   0x00000002   PAD
    0x080034a4   0x000000d0   Code   RO         4164    i.HW_RTC_GetCalendarValue  hw_rtc.o
    0x08003574   0x00000004   Code   RO         4165    i.HW_RTC_GetMinimumTimeout  hw_rtc.o
    0x08003578   0x0000000c   Code   RO         4166    i.HW_RTC_GetTimerContext  hw_rtc.o
    0x08003584   0x0000001c   Code   RO         4167    i.HW_RTC_GetTimerElapsedTime  hw_rtc.o
    0x080035a0   0x00000010   Code   RO         4168    i.HW_RTC_GetTimerValue  hw_rtc.o
    0x080035b0   0x0000002c   Code   RO         4169    i.HW_RTC_Init       hw_rtc.o
    0x080035dc   0x0000000c   Code   RO         4170    i.HW_RTC_IrqHandler  hw_rtc.o
    0x080035e8   0x00000044   Code   RO         4171    i.HW_RTC_SetAlarm   hw_rtc.o
    0x0800362c   0x00000074   Code   RO         4172    i.HW_RTC_SetConfig  hw_rtc.o
    0x080036a0   0x00000018   Code   RO         4173    i.HW_RTC_SetTimerContext  hw_rtc.o
    0x080036b8   0x0000013c   Code   RO         4174    i.HW_RTC_StartWakeUpAlarm  hw_rtc.o
    0x080037f4   0x00000020   Code   RO         4175    i.HW_RTC_StopAlarm  hw_rtc.o
    0x08003814   0x0000000e   Code   RO         4176    i.HW_RTC_Tick2ms    hw_rtc.o
    0x08003822   0x00000010   Code   RO         4178    i.HW_RTC_ms2Tick    hw_rtc.o
    0x08003832   0x00000002   PAD
    0x08003834   0x00000084   Code   RO         4179    i.HW_RTC_setMcuWakeUpTime  hw_rtc.o
    0x080038b8   0x0000009c   Code   RO         4284    i.HW_SPI_DeInit     hw_spi.o
    0x08003954   0x00000020   Code   RO         4285    i.HW_SPI_InOut      hw_spi.o
    0x08003974   0x000000dc   Code   RO         4286    i.HW_SPI_Init       hw_spi.o
    0x08003a50   0x00000004   Code   RO         4605    i.HardFault_Handler  stm32l1xx_it.o
    0x08003a54   0x000000d8   Code   RO         4802    i.LoRaMacChannelAdd  loramac.o
    0x08003b2c   0x00000054   Code   RO         4803    i.LoRaMacChannelRemove  loramac.o
    0x08003b80   0x00000080   Code   RO         5037    i.LoRaMacComputeMic  loramaccrypto.o
    0x08003c00   0x00000120   Code   RO         4804    i.LoRaMacInitialization  loramac.o
    0x08003d20   0x00000048   Code   RO         5038    i.LoRaMacJoinComputeMic  loramaccrypto.o
    0x08003d68   0x0000008c   Code   RO         5039    i.LoRaMacJoinComputeSKeys  loramaccrypto.o
    0x08003df4   0x00000048   Code   RO         5040    i.LoRaMacJoinDecrypt  loramaccrypto.o
    0x08003e3c   0x000000ec   Code   RO         4805    i.LoRaMacMcpsRequest  loramac.o
    0x08003f28   0x000000bc   Code   RO         4806    i.LoRaMacMibGetRequestConfirm  loramac.o
    0x08003fe4   0x00000150   Code   RO         4807    i.LoRaMacMibSetRequestConfirm  loramac.o
    0x08004134   0x000000f8   Code   RO         4808    i.LoRaMacMlmeRequest  loramac.o
    0x0800422c   0x00000012   Code   RO         5041    i.LoRaMacPayloadDecrypt  loramaccrypto.o
    0x0800423e   0x00000002   PAD
    0x08004240   0x000000d0   Code   RO         5042    i.LoRaMacPayloadEncrypt  loramaccrypto.o
    0x08004310   0x00000078   Code   RO         4811    i.LoRaMacQueryTxPossible  loramac.o
    0x08004388   0x00000040   Code   RO         4322    i.LoraRxData        main.o
    0x080043c8   0x000000cc   Code   RO         4323    i.LoraTxData        main.o
    0x08004494   0x00000018   Code   RO         5137    i.LowPower_Disable  low_power.o
    0x080044ac   0x00000018   Code   RO         5138    i.LowPower_Enable   low_power.o
    0x080044c4   0x0000000c   Code   RO         5139    i.LowPower_GetState  low_power.o
    0x080044d0   0x0000003c   Code   RO         5140    i.LowPower_Handler  low_power.o
    0x0800450c   0x00000056   Code   RO         4441    i.MSP_GetIRQn       stm32l1xx_hal_msp.o
    0x08004562   0x00000002   PAD
    0x08004564   0x0000000c   Code   RO         4719    i.McpsConfirm       lora.o
    0x08004570   0x00000134   Code   RO         4720    i.McpsIndication    lora.o
    0x080046a4   0x00000002   Code   RO         4606    i.MemManage_Handler  stm32l1xx_it.o
    0x080046a6   0x00000002   PAD
    0x080046a8   0x0000003c   Code   RO         4721    i.MlmeConfirm       lora.o
    0x080046e4   0x00000002   Code   RO         4607    i.NMI_Handler       stm32l1xx_it.o
    0x080046e6   0x00000020   Code   RO         1524    i.NVIC_SetPriority  stm32l1xx_hal_cortex.o
    0x08004706   0x00000002   PAD
    0x08004708   0x00000038   Code   RO         4815    i.OnAckTimeoutTimerEvent  loramac.o
    0x08004740   0x000001c8   Code   RO         4816    i.OnMacStateCheckTimerEvent  loramac.o
    0x08004908   0x000004a8   Code   RO         4817    i.OnRadioRxDone     loramac.o
    0x08004db0   0x00000048   Code   RO         4818    i.OnRadioRxError    loramac.o
    0x08004df8   0x00000048   Code   RO         4819    i.OnRadioRxTimeout  loramac.o
    0x08004e40   0x000000d4   Code   RO         4820    i.OnRadioTxDone     loramac.o
    0x08004f14   0x0000003c   Code   RO         4821    i.OnRadioTxTimeout  loramac.o
    0x08004f50   0x00000074   Code   RO         4822    i.OnRxWindow1TimerEvent  loramac.o
    0x08004fc4   0x00000060   Code   RO         4823    i.OnRxWindow2TimerEvent  loramac.o
    0x08005024   0x0000002c   Code   RO         4722    i.OnSendEvent       lora.o
    0x08005050   0x00000054   Code   RO         4824    i.OnTxDelayedTimerEvent  loramac.o
    0x080050a4   0x00000014   Code   RO         4723    i.OnTxNextPacketTimerEvent  lora.o
    0x080050b8   0x00000002   Code   RO         4608    i.PendSV_Handler    stm32l1xx_it.o
    0x080050ba   0x00000002   PAD
    0x080050bc   0x000002c8   Code   RO         4825    i.PrepareFrame      loramac.o
    0x08005384   0x00000048   Code   RO         4826    i.PrepareRxDoneAbort  loramac.o
    0x080053cc   0x00000070   Code   RO         4724    i.PrepareTxFrame    lora.o
    0x0800543c   0x00000324   Code   RO         4827    i.ProcessMacCommands  loramac.o
    0x08005760   0x00000078   Code   RO         1825    i.RCC_SetFlashLatencyFromMSIRange  stm32l1xx_hal_rcc.o
    0x080057d8   0x00000004   Code   RO         4609    i.RTC_Alarm_IRQHandler  stm32l1xx_it.o
    0x080057dc   0x00000012   Code   RO         1981    i.RTC_Bcd2ToByte    stm32l1xx_hal_rtc.o
    0x080057ee   0x00000016   Code   RO         1982    i.RTC_ByteToBcd2    stm32l1xx_hal_rtc.o
    0x08005804   0x0000003a   Code   RO         1983    i.RTC_EnterInitMode  stm32l1xx_hal_rtc.o
    0x0800583e   0x00000002   PAD
    0x08005840   0x00000088   Code   RO         4828    i.ResetMacParameters  loramac.o
    0x080058c8   0x00000090   Code   RO          922    i.RxChainCalibration  sx1276.o
    0x08005958   0x000000d8   Code   RO         4829    i.RxWindowSetup     loramac.o
    0x08005a30   0x0000009e   Code   RO         2390    i.SPI_WaitOnFlagUntilTimeout  stm32l1xx_hal_spi.o
    0x08005ace   0x00000002   Code   RO         4610    i.SVC_Handler       stm32l1xx_it.o
    0x08005ad0   0x00000004   Code   RO          805    i.SX1276CheckRfFrequency  sx1276mb1mas.o
    0x08005ad4   0x00000004   Code   RO          806    i.SX1276GetPaSelect  sx1276mb1mas.o
    0x08005ad8   0x0000000c   Code   RO          923    i.SX1276GetStatus   sx1276.o
    0x08005ae4   0x000001f0   Code   RO          924    i.SX1276GetTimeOnAir  sx1276.o
    0x08005cd4   0x00000078   Code   RO          925    i.SX1276Init        sx1276.o
    0x08005d4c   0x00000050   Code   RO          807    i.SX1276IoDeInit    sx1276mb1mas.o
    0x08005d9c   0x00000054   Code   RO          808    i.SX1276IoInit      sx1276mb1mas.o
    0x08005df0   0x00000044   Code   RO          809    i.SX1276IoIrqInit   sx1276mb1mas.o
    0x08005e34   0x00000036   Code   RO          926    i.SX1276IsChannelFree  sx1276.o
    0x08005e6a   0x00000002   PAD
    0x08005e6c   0x0000023c   Code   RO          927    i.SX1276OnDio0Irq   sx1276.o
    0x080060a8   0x000000d8   Code   RO          928    i.SX1276OnDio1Irq   sx1276.o
    0x08006180   0x000000b8   Code   RO          929    i.SX1276OnDio2Irq   sx1276.o
    0x08006238   0x00000058   Code   RO          930    i.SX1276OnDio3Irq   sx1276.o
    0x08006290   0x0000001c   Code   RO          931    i.SX1276OnDio4Irq   sx1276.o
    0x080062ac   0x00000088   Code   RO          933    i.SX1276OnTimeoutIrq  sx1276.o
    0x08006334   0x0000003e   Code   RO          934    i.SX1276Random      sx1276.o
    0x08006372   0x00000010   Code   RO          935    i.SX1276Read        sx1276.o
    0x08006382   0x00000002   PAD
    0x08006384   0x00000044   Code   RO          936    i.SX1276ReadBuffer  sx1276.o
    0x080063c8   0x0000000a   Code   RO          937    i.SX1276ReadFifo    sx1276.o
    0x080063d2   0x00000002   PAD
    0x080063d4   0x00000040   Code   RO          938    i.SX1276ReadRssi    sx1276.o
    0x08006414   0x00000050   Code   RO          939    i.SX1276Reset       sx1276.o
    0x08006464   0x000000f0   Code   RO          940    i.SX1276Send        sx1276.o
    0x08006554   0x00000028   Code   RO          810    i.SX1276SetAntSw    sx1276mb1mas.o
    0x0800657c   0x00000044   Code   RO          811    i.SX1276SetAntSwLowPower  sx1276mb1mas.o
    0x080065c0   0x00000048   Code   RO          941    i.SX1276SetChannel  sx1276.o
    0x08006608   0x00000034   Code   RO          942    i.SX1276SetMaxPayloadLength  sx1276.o
    0x0800663c   0x00000064   Code   RO          943    i.SX1276SetModem    sx1276.o
    0x080066a0   0x0000003a   Code   RO          944    i.SX1276SetOpMode   sx1276.o
    0x080066da   0x00000002   PAD
    0x080066dc   0x00000260   Code   RO          945    i.SX1276SetRx       sx1276.o
    0x0800693c   0x0000023c   Code   RO          946    i.SX1276SetRxConfig  sx1276.o
    0x08006b78   0x00000024   Code   RO          947    i.SX1276SetSleep    sx1276.o
    0x08006b9c   0x00000024   Code   RO          948    i.SX1276SetStby     sx1276.o
    0x08006bc0   0x00000008   Code   RO          949    i.SX1276SetSyncWord  sx1276.o
    0x08006bc8   0x000000a0   Code   RO          950    i.SX1276SetTx       sx1276.o
    0x08006c68   0x0000029c   Code   RO          951    i.SX1276SetTxConfig  sx1276.o
    0x08006f04   0x0000003c   Code   RO          952    i.SX1276StartCad    sx1276.o
    0x08006f40   0x0000000c   Code   RO          953    i.SX1276Write       sx1276.o
    0x08006f4c   0x00000044   Code   RO          954    i.SX1276WriteBuffer  sx1276.o
    0x08006f90   0x0000000a   Code   RO          955    i.SX1276WriteFifo   sx1276.o
    0x08006f9a   0x00000002   PAD
    0x08006f9c   0x00000078   Code   RO         4830    i.ScheduleTx        loramac.o
    0x08007014   0x00000040   Code   RO         4831    i.Send              loramac.o
    0x08007054   0x00000074   Code   RO         4725    i.SendFrame         lora.o
    0x080070c8   0x00000130   Code   RO         4832    i.SendFrameOnChannel  loramac.o
    0x080071f8   0x000001b8   Code   RO         4833    i.SetNextChannel    loramac.o
    0x080073b0   0x00000028   Code   RO         4834    i.SetPublicNetwork  loramac.o
    0x080073d8   0x00000004   Code   RO         4611    i.SysTick_Handler   stm32l1xx_it.o
    0x080073dc   0x0000008c   Code   RO         4511    i.SystemClock_Config  stm32l1xx_hw.o
    0x08007468   0x00000050   Code   RO         1161    i.SystemInit        system_stm32l1xx.o
    0x080074b8   0x0000000e   Code   RO         5181    i.TimerGetCurrentTime  timeserver.o
    0x080074c6   0x0000001a   Code   RO         5182    i.TimerGetElapsedTime  timeserver.o
    0x080074e0   0x0000000e   Code   RO         5183    i.TimerInit         timeserver.o
    0x080074ee   0x00000002   PAD
    0x080074f0   0x00000018   Code   RO         5184    i.TimerInsertNewHeadTimer  timeserver.o
    0x08007508   0x00000090   Code   RO         5185    i.TimerIrqHandler   timeserver.o
    0x08007598   0x0000002e   Code   RO         5187    i.TimerSetTimeout   timeserver.o
    0x080075c6   0x00000022   Code   RO         5188    i.TimerSetValue     timeserver.o
    0x080075e8   0x00000070   Code   RO         5189    i.TimerStart        timeserver.o
    0x08007658   0x00000058   Code   RO         5190    i.TimerStop         timeserver.o
    0x080076b0   0x00000168   Code   RO         3307    i.UART_SetConfig    stm32l1xx_hal_uart.o
    0x08007818   0x00000092   Code   RO         3309    i.UART_WaitOnFlagUntilTimeout  stm32l1xx_hal_uart.o
    0x080078aa   0x00000002   Code   RO         4612    i.UsageFault_Handler  stm32l1xx_it.o
    0x080078ac   0x0000002c   Code   RO         4835    i.ValidatePayloadLength  loramac.o
    0x080078d8   0x00000010   Code   RO         4836    i.ValueInRange      loramac.o
    0x080078e8   0x00000024   Code   RO         5449    i.__0vsprintf       mc_w.l(printfa.o)
    0x0800790c   0x0000000e   Code   RO         5550    i.__scatterload_copy  mc_w.l(handlers.o)
    0x0800791a   0x00000002   Code   RO         5551    i.__scatterload_null  mc_w.l(handlers.o)
    0x0800791c   0x0000000e   Code   RO         5552    i.__scatterload_zeroinit  mc_w.l(handlers.o)
    0x0800792a   0x00000002   PAD
    0x0800792c   0x00000184   Code   RO         5450    i._fp_digits        mc_w.l(printfa.o)
    0x08007ab0   0x000006dc   Code   RO         5451    i._printf_core      mc_w.l(printfa.o)
    0x0800818c   0x00000024   Code   RO         5452    i._printf_post_padding  mc_w.l(printfa.o)
    0x080081b0   0x0000002e   Code   RO         5453    i._printf_pre_padding  mc_w.l(printfa.o)
    0x080081de   0x0000000a   Code   RO         5455    i._sputc            mc_w.l(printfa.o)
    0x080081e8   0x0000004e   Code   RO         5329    i.aes_encrypt       aes.o
    0x08008236   0x00000002   PAD
    0x08008238   0x000000f0   Code   RO         5330    i.aes_set_key       aes.o
    0x08008328   0x000000dc   Code   RO         5422    i.ceil              m_ws.l(ceil.o)
    0x08008404   0x00000084   Code   RO         5331    i.copy_and_key      aes.o
    0x08008488   0x00000042   Code   RO         5332    i.copy_block        aes.o
    0x080084ca   0x00000002   PAD
    0x080084cc   0x000000dc   Code   RO         5426    i.floor             m_ws.l(floor.o)
    0x080085a8   0x000000d4   Code   RO         4726    i.lora_Init         lora.o
    0x0800867c   0x000000f8   Code   RO         4727    i.lora_fsm          lora.o
    0x08008774   0x0000000c   Code   RO         4728    i.lora_getDeviceState  lora.o
    0x08008780   0x00000054   Code   RO         4324    i.main              main.o
    0x080087d4   0x00000014   Code   RO         5270    i.memcpy1           utilities.o
    0x080087e8   0x00000018   Code   RO         5271    i.memcpyr           utilities.o
    0x08008800   0x00000010   Code   RO         5272    i.memset1           utilities.o
    0x08008810   0x0000021c   Code   RO         5333    i.mix_sub_columns   aes.o
    0x08008a2c   0x00000028   Code   RO         5273    i.rand1             utilities.o
    0x08008a54   0x0000001a   Code   RO         5274    i.randr             utilities.o
    0x08008a6e   0x00000002   PAD
    0x08008a70   0x00000094   Code   RO         5429    i.round             m_ws.l(round.o)
    0x08008b04   0x00000068   Code   RO         5334    i.shift_sub_rows    aes.o
    0x08008b6c   0x0000000c   Code   RO         5275    i.srand1            utilities.o
    0x08008b78   0x0000000c   Code   RO         4378    i.vcom_DeInit       vcom.o
    0x08008b84   0x00000038   Code   RO         4379    i.vcom_Init         vcom.o
    0x08008bbc   0x00000030   Code   RO         4380    i.vcom_Send         vcom.o
    0x08008bec   0x00000082   Code   RO         5335    i.xor_block         aes.o
    0x08008c6e   0x00000002   PAD
    0x08008c70   0x00000060   Data   RO          812    .constdata          sx1276mb1mas.o
    0x08008cd0   0x000000e0   Data   RO          957    .constdata          sx1276.o
    0x08008db0   0x0000001d   Data   RO         1826    .constdata          stm32l1xx_hal_rcc.o
    0x08008dcd   0x00000018   Data   RO         4181    .constdata          hw_rtc.o
    0x08008de5   0x00000003   PAD
    0x08008de8   0x00000028   Data   RO         4838    .constdata          loramac.o
    0x08008e10   0x00000300   Data   RO         5336    .constdata          aes.o
    0x08009110   0x00000020   Data   RO         5548    Region$$Table       anon$$obj.o


    Execution Region RW_IRAM1 (Base: 0x20000000, Size: 0x00001060, Max: 0x00014000, ABSOLUTE, COMPRESSED[0x00000074])

    Base Addr    Size         Type   Attr      Idx    E Section Name        Object

    0x20000000   0x00000001   Data   RW          813    .data               sx1276mb1mas.o
    0x20000001   0x00000003   PAD
    0x20000004   0x0000001c   Data   RW          958    .data               sx1276.o
    0x20000020   0x00000004   Data   RW         1163    .data               system_stm32l1xx.o
    0x20000024   0x00000004   Data   RW         1216    .data               stm32l1xx_hal.o
    0x20000028   0x00000004   Data   RW         4182    .data               hw_rtc.o
    0x2000002c   0x00000024   Data   RW         4325    .data               main.o
    0x20000050   0x00000002   Data   RW         4382    .data               vcom.o
    0x20000052   0x00000002   Data   RW         4513    .data               stm32l1xx_hw.o
    0x20000054   0x00000038   Data   RW         4731    .data               lora.o
    0x2000008c   0x000000f0   Data   RW         4839    .data               loramac.o
    0x2000017c   0x00000020   Data   RW         5044    .data               loramaccrypto.o
    0x2000019c   0x00000004   Data   RW         5141    .data               low_power.o
    0x200001a0   0x00000004   Data   RW         5191    .data               timeserver.o
    0x200001a4   0x00000004   Data   RW         5276    .data               utilities.o
    0x200001a8   0x0000019c   Zero   RW          956    .bss                sx1276.o
    0x20000344   0x00000040   Zero   RW         4114    .bss                hw_gpio.o
    0x20000384   0x00000064   Zero   RW         4180    .bss                hw_rtc.o
    0x200003e8   0x00000058   Zero   RW         4287    .bss                hw_spi.o
    0x20000440   0x000000d0   Zero   RW         4381    .bss                vcom.o
    0x20000510   0x00000050   Zero   RW         4512    .bss                stm32l1xx_hw.o
    0x20000560   0x00000040   Zero   RW         4729    .bss                lora.o
    0x200005a0   0x00000040   Zero   RW         4730    .bss                lora.o
    0x200005e0   0x00000450   Zero   RW         4837    .bss                loramac.o
    0x20000a30   0x0000022c   Zero   RW         5043    .bss                loramaccrypto.o
    0x20000c5c   0x00000004   PAD
    0x20000c60   0x00000400   Zero   RW         4017    STACK               startup_stm32l152xe.o


==============================================================================

Image component sizes


      Code (inc. data)   RO Data    RW Data    ZI Data      Debug   Object Name

      1290         12        768          0          0      14596   aes.o
        30          8          0          0          0       2336   bsp.o
       514          0          0          0          0       4525   cmac.o
       130         10          0          0          0       1479   debug.o
         4          0          0          0          0       1162   delay.o
         0          0          0          0          0       4532   hts221.o
       262         16          0          0         64       4137   hw_gpio.o
      1080        100         24          4        100      12275   hw_rtc.o
       408         48          0          0         88       2881   hw_spi.o
      1144        178          0         56        128      16228   lora.o
      7508        522         40        240       1104      39462   loramac.o
       638         40          0         32        556       8039   loramaccrypto.o
       120         24          0          4          0       3276   low_power.o
       352         66          0         36          0       4703   main.o
        36          8        292          0       1024        848   startup_stm32l152xe.o
       120         28          0          4          0       4916   stm32l1xx_hal.o
      1046         42          0          0          0       7013   stm32l1xx_hal_adc.o
       186         14          0          0          0      28147   stm32l1xx_hal_cortex.o
       474         50          0          0          0       3475   stm32l1xx_hal_gpio.o
       212          6          0          0          0       4152   stm32l1xx_hal_msp.o
       128         24          0          0          0       2074   stm32l1xx_hal_pwr.o
        64         14          0          0          0       1929   stm32l1xx_hal_pwr_ex.o
      3156         94         29          0          0       8495   stm32l1xx_hal_rcc.o
       320         12          0          0          0       1592   stm32l1xx_hal_rcc_ex.o
      1024         26          0          0          0       8437   stm32l1xx_hal_rtc.o
       730         10          0          0          0       5979   stm32l1xx_hal_rtc_ex.o
       892          0          0          0          0       5293   stm32l1xx_hal_spi.o
       132          0          0          0          0       1311   stm32l1xx_hal_spi_ex.o
       864          6          0          0          0       5410   stm32l1xx_hal_uart.o
       864         94          0          2         80      10942   stm32l1xx_hw.o
       150          0          0          0          0       8716   stm32l1xx_it.o
      5154        284        224         28        412      34539   sx1276.o
       348         50         96          1          0      12366   sx1276mb1mas.o
        80         18          0          4          0       1717   system_stm32l1xx.o
       502         24          0          4          0       8667   timeserver.o
       138         16          0          4          0       5015   utilities.o
       324         42          0          2        208       4430   vcom.o
         0          0          0          0          0     300876   x_nucleo_iks01a1.o

    ----------------------------------------------------------------------
     30480       1886       1508        424       3768     595970   Object Totals
         0          0         32          0          0          0   (incl. Generated)
        56          0          3          3          4          0   (incl. Padding)

    ----------------------------------------------------------------------

      Code (inc. data)   RO Data    RW Data    ZI Data      Debug   Library Member Name

       220         16          0          0          0         84   ceil.o
       220         16          0          0          0         84   floor.o
       148         12          0          0          0         88   round.o
        86          0          0          0          0          0   __dczerorl2.o
         0          0          0          0          0          0   entry.o
         0          0          0          0          0          0   entry10a.o
         0          0          0          0          0          0   entry11a.o
         8          4          0          0          0          0   entry2.o
         4          0          0          0          0          0   entry5.o
         0          0          0          0          0          0   entry7b.o
         0          0          0          0          0          0   entry8b.o
         8          4          0          0          0          0   entry9a.o
        30          0          0          0          0          0   handlers.o
        36          8          0          0          0         68   init.o
         0          0          0          0          0          0   iusefp.o
        30          0          0          0          0         68   llshl.o
        36          0          0          0          0         68   llsshr.o
        32          0          0          0          0         68   llushr.o
        36          0          0          0          0         68   memcpya.o
        36          0          0          0          0        108   memseta.o
      2272         86          0          0          0        516   printfa.o
        44          0          0          0          0         80   uidiv.o
        98          0          0          0          0         92   uldiv.o
        48          0          0          0          0         68   cdcmple.o
        48          0          0          0          0         68   cdrcmple.o
       334          0          0          0          0        148   dadd.o
       222          0          0          0          0        100   ddiv.o
       186          0          0          0          0        176   depilogue.o
        50          0          0          0          0         76   dfixui.o
        48          0          0          0          0         68   dfixul.o
        34          0          0          0          0         76   dflti.o
        26          0          0          0          0         76   dfltui.o
       228          0          0          0          0         96   dmul.o
       136          4          0          0          0         92   drnd.o
        46          0          0          0          0         80   dscalb.o
       124          0          0          0          0         88   fdiv.o
       110          0          0          0          0        168   fepilogue.o
        50          0          0          0          0         68   ffixi.o
        40          0          0          0          0         68   ffixui.o
       100          0          0          0          0         76   fmul.o

    ----------------------------------------------------------------------
      5180        150          0          0          0       2984   Library Totals
         6          0          0          0          0          0   (incl. Padding)

    ----------------------------------------------------------------------

      Code (inc. data)   RO Data    RW Data    ZI Data      Debug   Library Name

       588         44          0          0          0        256   m_ws.l
      2756        102          0          0          0       1136   mc_w.l
      1830          4          0          0          0       1592   mf_w.l

    ----------------------------------------------------------------------
      5180        150          0          0          0       2984   Library Totals

    ----------------------------------------------------------------------

==============================================================================


      Code (inc. data)   RO Data    RW Data    ZI Data      Debug   

     35660       2036       1508        424       3768     584522   Grand Totals
     35660       2036       1508        116       3768     584522   ELF Image Totals (compressed)
     35660       2036       1508        116          0          0   ROM Totals

==============================================================================

    Total RO  Size (Code + RO Data)                37168 (  36.30kB)
    Total RW  Size (RW Data + ZI Data)              4192 (   4.09kB)
    Total ROM Size (Code + RO Data + RW Data)      37284 (  36.41kB)

==============================================================================

